Component: ARM Compiler 5.06 update 7 (build 960) Tool: armlink [4d3601]

==============================================================================

Section Cross References

    startup_stm32f103xe.o(RESET) refers to startup_stm32f103xe.o(STACK) for __initial_sp
    startup_stm32f103xe.o(RESET) refers to startup_stm32f103xe.o(.text) for Reset_Handler
    startup_stm32f103xe.o(RESET) refers to stm32f1xx_it.o(i.NMI_Handler) for NMI_Handler
    startup_stm32f103xe.o(RESET) refers to stm32f1xx_it.o(i.HardFault_Handler) for HardFault_Handler
    startup_stm32f103xe.o(RESET) refers to stm32f1xx_it.o(i.MemManage_Handler) for MemManage_Handler
    startup_stm32f103xe.o(RESET) refers to stm32f1xx_it.o(i.BusFault_Handler) for BusFault_Handler
    startup_stm32f103xe.o(RESET) refers to stm32f1xx_it.o(i.UsageFault_Handler) for UsageFault_Handler
    startup_stm32f103xe.o(RESET) refers to stm32f1xx_it.o(i.SVC_Handler) for SVC_Handler
    startup_stm32f103xe.o(RESET) refers to stm32f1xx_it.o(i.DebugMon_Handler) for DebugMon_Handler
    startup_stm32f103xe.o(RESET) refers to stm32f1xx_it.o(i.PendSV_Handler) for PendSV_Handler
    startup_stm32f103xe.o(RESET) refers to stm32f1xx_it.o(i.SysTick_Handler) for SysTick_Handler
    startup_stm32f103xe.o(RESET) refers to stm32f1xx_it.o(i.DMA1_Channel3_IRQHandler) for DMA1_Channel3_IRQHandler
    startup_stm32f103xe.o(RESET) refers to stm32f1xx_it.o(i.ADC1_2_IRQHandler) for ADC1_2_IRQHandler
    startup_stm32f103xe.o(RESET) refers to stm32f1xx_it.o(i.EXTI9_5_IRQHandler) for EXTI9_5_IRQHandler
    startup_stm32f103xe.o(RESET) refers to stm32f1xx_it.o(i.SPI1_IRQHandler) for SPI1_IRQHandler
    startup_stm32f103xe.o(RESET) refers to stm32f1xx_it.o(i.USART1_IRQHandler) for USART1_IRQHandler
    startup_stm32f103xe.o(RESET) refers to stm32f1xx_it.o(i.USART2_IRQHandler) for USART2_IRQHandler
    startup_stm32f103xe.o(RESET) refers to stm32f1xx_it.o(i.USART3_IRQHandler) for USART3_IRQHandler
    startup_stm32f103xe.o(RESET) refers to stm32f1xx_it.o(i.TIM5_IRQHandler) for TIM5_IRQHandler
    startup_stm32f103xe.o(RESET) refers to stm32f1xx_it.o(i.UART4_IRQHandler) for UART4_IRQHandler
    startup_stm32f103xe.o(RESET) refers to stm32f1xx_it.o(i.TIM6_IRQHandler) for TIM6_IRQHandler
    startup_stm32f103xe.o(RESET) refers to stm32f1xx_it.o(i.TIM7_IRQHandler) for TIM7_IRQHandler
    startup_stm32f103xe.o(.text) refers to system_stm32f1xx.o(i.SystemInit) for SystemInit
    startup_stm32f103xe.o(.text) refers to entry.o(.ARM.Collect$$$$00000000) for __main
    main.o(i.SystemClock_Config) refers to memseta.o(.text) for __aeabi_memclr4
    main.o(i.SystemClock_Config) refers to stm32f1xx_hal_rcc.o(i.HAL_RCC_OscConfig) for HAL_RCC_OscConfig
    main.o(i.SystemClock_Config) refers to stm32f1xx_hal_rcc.o(i.HAL_RCC_ClockConfig) for HAL_RCC_ClockConfig
    main.o(i.SystemClock_Config) refers to stm32f1xx_hal_rcc_ex.o(i.HAL_RCCEx_PeriphCLKConfig) for HAL_RCCEx_PeriphCLKConfig
    main.o(i.fgetc) refers to stm32f1xx_hal_uart.o(i.HAL_UART_Receive) for HAL_UART_Receive
    main.o(i.fgetc) refers to usart.o(.bss) for huart4
    main.o(i.fputc) refers to stm32f1xx_hal_uart.o(i.HAL_UART_Transmit) for HAL_UART_Transmit
    main.o(i.fputc) refers to usart.o(.bss) for huart4
    main.o(i.main) refers to stm32f1xx_hal.o(i.HAL_Init) for HAL_Init
    main.o(i.main) refers to main.o(i.SystemClock_Config) for SystemClock_Config
    main.o(i.main) refers to gpio.o(i.MX_GPIO_Init) for MX_GPIO_Init
    main.o(i.main) refers to dma.o(i.MX_DMA_Init) for MX_DMA_Init
    main.o(i.main) refers to adc.o(i.MX_ADC1_Init) for MX_ADC1_Init
    main.o(i.main) refers to spi.o(i.MX_SPI1_Init) for MX_SPI1_Init
    main.o(i.main) refers to tim.o(i.MX_TIM4_Init) for MX_TIM4_Init
    main.o(i.main) refers to tim.o(i.MX_TIM5_Init) for MX_TIM5_Init
    main.o(i.main) refers to tim.o(i.MX_TIM6_Init) for MX_TIM6_Init
    main.o(i.main) refers to tim.o(i.MX_TIM7_Init) for MX_TIM7_Init
    main.o(i.main) refers to usart.o(i.MX_UART4_Init) for MX_UART4_Init
    main.o(i.main) refers to usart.o(i.MX_USART1_UART_Init) for MX_USART1_UART_Init
    main.o(i.main) refers to usart.o(i.MX_USART2_UART_Init) for MX_USART2_UART_Init
    main.o(i.main) refers to usart.o(i.MX_USART3_UART_Init) for MX_USART3_UART_Init
    main.o(i.main) refers to stm32f1xx_hal_adc_ex.o(i.HAL_ADCEx_Calibration_Start) for HAL_ADCEx_Calibration_Start
    main.o(i.main) refers to stm32f1xx_hal_tim.o(i.HAL_TIM_Base_Start_IT) for HAL_TIM_Base_Start_IT
    main.o(i.main) refers to st7789v2.o(i.LCD_Init) for LCD_Init
    main.o(i.main) refers to gui.o(i.gui_init) for gui_init
    main.o(i.main) refers to st7789v2.o(i.LCD_Clear) for LCD_Clear
    main.o(i.main) refers to delay.o(i.delay_ms) for delay_ms
    main.o(i.main) refers to gui.o(i.gui_icon_init) for gui_icon_init
    main.o(i.main) refers to printf4.o(i.__0printf$4) for __2printf
    main.o(i.main) refers to key_crl.o(i.key_scan) for key_scan
    main.o(i.main) refers to gui.o(i.icon_beat) for icon_beat
[...]
    ..\\SYSTEM\\delay.c                      0x00000000   Number         0  delay.o ABSOLUTE
    cdrcmple.s                               0x00000000   Number         0  cdrcmple.o ABSOLUTE
    dc.s                                     0x00000000   Number         0  dc.o ABSOLUTE
    handlers.s                               0x00000000   Number         0  handlers.o ABSOLUTE
    init.s                                   0x00000000   Number         0  init.o ABSOLUTE
    startup_stm32f103xe.s                    0x00000000   Number         0  startup_stm32f103xe.o ABSOLUTE
    RESET                                    0x08000000   Section      304  startup_stm32f103xe.o(RESET)
    .ARM.Collect$$$$00000000                 0x08000130   Section        0  entry.o(.ARM.Collect$$$$00000000)
    .ARM.Collect$$$$00000001                 0x08000130   Section        4  entry2.o(.ARM.Collect$$$$00000001)
    .ARM.Collect$$$$00000004                 0x08000134   Section        4  entry5.o(.ARM.Collect$$$$00000004)
    .ARM.Collect$$$$00000008                 0x08000138   Section        0  entry7b.o(.ARM.Collect$$$$00000008)
    .ARM.Collect$$$$0000000A                 0x08000138   Section        0  entry8b.o(.ARM.Collect$$$$0000000A)
    .ARM.Collect$$$$0000000B                 0x08000138   Section        8  entry9a.o(.ARM.Collect$$$$0000000B)
    .ARM.Collect$$$$0000000E                 0x08000140   Section        4  entry12b.o(.ARM.Collect$$$$0000000E)
    .ARM.Collect$$$$0000000F                 0x08000144   Section        0  entry10a.o(.ARM.Collect$$$$0000000F)
    .ARM.Collect$$$$00000011                 0x08000144   Section        0  entry11a.o(.ARM.Collect$$$$00000011)
    .ARM.Collect$$$$00002712                 0x08000144   Section        4  entry2.o(.ARM.Collect$$$$00002712)
    __lit__00000000                          0x08000144   Data           4  entry2.o(.ARM.Collect$$$$00002712)
    .text                                    0x08000148   Section       36  startup_stm32f103xe.o(.text)
    .text                                    0x0800016c   Section        0  llushr.o(.text)
    .text                                    0x0800018c   Section        0  memcpya.o(.text)
    .text                                    0x080001b0   Section        0  memseta.o(.text)
    .text                                    0x080001d4   Section        0  uldiv.o(.text)
    .text                                    0x08000238   Section       36  init.o(.text)
    .text                                    0x0800025c   Section        0  llshl.o(.text)
    i.ADC1_2_IRQHandler                      0x0800027c   Section        0  stm32f1xx_it.o(i.ADC1_2_IRQHandler)
    i.ADC_ConversionStop_Disable             0x08000288   Section        0  stm32f1xx_hal_adc.o(i.ADC_ConversionStop_Disable)
    i.ADC_Enable                             0x080002e0   Section        0  stm32f1xx_hal_adc.o(i.ADC_Enable)
    i.BusFault_Handler                       0x0800035c   Section        0  stm32f1xx_it.o(i.BusFault_Handler)
    i.DMA1_Channel3_IRQHandler               0x08000360   Section        0  stm32f1xx_it.o(i.DMA1_Channel3_IRQHandler)
    i.DMA_SetConfig                          0x0800036c   Section        0  stm32f1xx_hal_dma.o(i.DMA_SetConfig)
    DMA_SetConfig                            0x0800036d   Thumb Code    42  stm32f1xx_hal_dma.o(i.DMA_SetConfig)
    i.DebugMon_Handler                       0x08000396   Section        0  stm32f1xx_it.o(i.DebugMon_Handler)
    i.EXTI9_5_IRQHandler                     0x08000398   Section        0  stm32f1xx_it.o(i.EXTI9_5_IRQHandler)
    i.Error_Handler                          0x0800039e   Section        0  main.o(i.Error_Handler)
    i.HAL_ADCEx_Calibration_Start            0x080003a4   Section        0  stm32f1xx_hal_adc_ex.o(i.HAL_ADCEx_Calibration_Start)
    i.HAL_ADCEx_InjectedConvCpltCallback     0x0800047c   Section        0  stm32f1xx_hal_adc_ex.o(i.HAL_ADCEx_InjectedConvCpltCallback)
    i.HAL_ADC_ConfigChannel                  0x08000480   Section        0  stm32f1xx_hal_adc.o(i.HAL_ADC_ConfigChannel)
    i.HAL_ADC_ConvCpltCallback               0x0800057c   Section        0  stm32f1xx_hal_adc.o(i.HAL_ADC_ConvCpltCallback)
    i.HAL_ADC_IRQHandler                     0x0800057e   Section        0  stm32f1xx_hal_adc.o(i.HAL_ADC_IRQHandler)
    i.HAL_ADC_Init                           0x0800065c   Section        0  stm32f1xx_hal_adc.o(i.HAL_ADC_Init)
    i.HAL_ADC_LevelOutOfWindowCallback       0x0800077c   Section        0  stm32f1xx_hal_adc.o(i.HAL_ADC_LevelOutOfWindowCallback)
    i.HAL_ADC_MspInit                        0x08000780   Section        0  adc.o(i.HAL_ADC_MspInit)
    i.HAL_DMA_Abort                          0x0800082c   Section        0  stm32f1xx_hal_dma.o(i.HAL_DMA_Abort)
    i.HAL_DMA_Abort_IT                       0x08000874   Section        0  stm32f1xx_hal_dma.o(i.HAL_DMA_Abort_IT)
    i.HAL_DMA_IRQHandler                     0x080009a4   Section        0  stm32f1xx_hal_dma.o(i.HAL_DMA_IRQHandler)
    i.HAL_DMA_Init                           0x08000bec   Section        0  stm32f1xx_hal_dma.o(i.HAL_DMA_Init)
    i.HAL_DMA_Start_IT                       0x08000c68   Section        0  stm32f1xx_hal_dma.o(i.HAL_DMA_Start_IT)
    i.HAL_Delay                              0x08000cd8   Section        0  stm32f1xx_hal.o(i.HAL_Delay)
    i.HAL_GPIO_EXTI_Callback                 0x08000cfc   Section        0  power_crl.o(i.HAL_GPIO_EXTI_Callback)
    i.HAL_GPIO_EXTI_IRQHandler               0x08000d0c   Section        0  stm32f1xx_hal_gpio.o(i.HAL_GPIO_EXTI_IRQHandler)
    i.HAL_GPIO_Init                          0x08000d24   Section        0  stm32f1xx_hal_gpio.o(i.HAL_GPIO_Init)
    i.HAL_GPIO_ReadPin                       0x08000f1c   Section        0  stm32f1xx_hal_gpio.o(i.HAL_GPIO_ReadPin)
    i.HAL_GPIO_WritePin                      0x08000f26   Section        0  stm32f1xx_hal_gpio.o(i.HAL_GPIO_WritePin)
    i.HAL_GetTick                            0x08000f30   Section        0  stm32f1xx_hal.o(i.HAL_GetTick)
    i.HAL_IncTick                            0x08000f3c   Section        0  stm32f1xx_hal.o(i.HAL_IncTick)
    i.HAL_Init                               0x08000f4c   Section        0  stm32f1xx_hal.o(i.HAL_Init)
    i.HAL_InitTick                           0x08000f70   Section        0  stm32f1xx_hal.o(i.HAL_InitTick)
    i.HAL_MspInit                            0x08000fb0   Section        0  stm32f1xx_hal_msp.o(i.HAL_MspInit)
    i.HAL_NVIC_EnableIRQ                     0x08000fec   Section        0  stm32f1xx_hal_cortex.o(i.HAL_NVIC_EnableIRQ)
    i.HAL_NVIC_SetPriority                   0x08001008   Section        0  stm32f1xx_hal_cortex.o(i.HAL_NVIC_SetPriority)
    i.HAL_NVIC_SetPriorityGrouping           0x08001048   Section        0  stm32f1xx_hal_cortex.o(i.HAL_NVIC_SetPriorityGrouping)
    i.HAL_RCCEx_GetPeriphCLKFreq             0x0800106c   Section        0  stm32f1xx_hal_rcc_ex.o(i.HAL_RCCEx_GetPeriphCLKFreq)
    i.HAL_RCCEx_PeriphCLKConfig              0x08001124   Section        0  stm32f1xx_hal_rcc_ex.o(i.HAL_RCCEx_PeriphCLKConfig)
    i.HAL_RCC_ClockConfig                    0x08001210   Section        0  stm32f1xx_hal_rcc.o(i.HAL_RCC_ClockConfig)
    i.HAL_RCC_GetPCLK1Freq                   0x0800133c   Section        0  stm32f1xx_hal_rcc.o(i.HAL_RCC_GetPCLK1Freq)
    i.HAL_RCC_GetPCLK2Freq                   0x0800135c   Section        0  stm32f1xx_hal_rcc.o(i.HAL_RCC_GetPCLK2Freq)
    i.HAL_RCC_GetSysClockFreq                0x0800137c   Section        0  stm32f1xx_hal_rcc.o(i.HAL_RCC_GetSysClockFreq)
    i.HAL_RCC_OscConfig                      0x080013c8   Section        0  stm32f1xx_hal_rcc.o(i.HAL_RCC_OscConfig)
    i.HAL_SPI_ErrorCallback                  0x080016e8   Section        0  stm32f1xx_hal_spi.o(i.HAL_SPI_ErrorCallback)
    i.HAL_SPI_IRQHandler                     0x080016ec   Section        0  stm32f1xx_hal_spi.o(i.HAL_SPI_IRQHandler)
    i.HAL_SPI_Init                           0x080017cc   Section        0  stm32f1xx_hal_spi.o(i.HAL_SPI_Init)
    i.HAL_SPI_MspInit                        0x08001880   Section        0  spi.o(i.HAL_SPI_MspInit)
    i.HAL_SPI_Transmit                       0x08001920   Section        0  stm32f1xx_hal_spi.o(i.HAL_SPI_Transmit)
    i.HAL_SPI_Transmit_DMA                   0x08001a88   Section        0  stm32f1xx_hal_spi.o(i.HAL_SPI_Transmit_DMA)
    i.HAL_SPI_TxCpltCallback                 0x08001b54   Section        0  st7789v2.o(i.HAL_SPI_TxCpltCallback)
    i.HAL_SPI_TxHalfCpltCallback             0x08001b6c   Section        0  stm32f1xx_hal_spi.o(i.HAL_SPI_TxHalfCpltCallback)
    i.HAL_SYSTICK_Config                     0x08001b6e   Section        0  stm32f1xx_hal_cortex.o(i.HAL_SYSTICK_Config)
    i.HAL_TIMEx_BreakCallback                0x08001b96   Section        0  stm32f1xx_hal_tim_ex.o(i.HAL_TIMEx_BreakCallback)
    i.HAL_TIMEx_CommutCallback               0x08001b98   Section        0  stm32f1xx_hal_tim_ex.o(i.HAL_TIMEx_CommutCallback)
    i.HAL_TIMEx_MasterConfigSynchronization  0x08001b9c   Section        0  stm32f1xx_hal_tim_ex.o(i.HAL_TIMEx_MasterConfigSynchronization)
    i.HAL_TIM_Base_Init                      0x08001c18   Section        0  stm32f1xx_hal_tim.o(i.HAL_TIM_Base_Init)
    i.HAL_TIM_Base_MspInit                   0x08001c74   Section        0  tim.o(i.HAL_TIM_Base_MspInit)
    i.HAL_TIM_Base_Start_IT                  0x08001d18   Section        0  stm32f1xx_hal_tim.o(i.HAL_TIM_Base_Start_IT)
    i.HAL_TIM_ConfigClockSource              0x08001d84   Section        0  stm32f1xx_hal_tim.o(i.HAL_TIM_ConfigClockSource)
    i.HAL_TIM_IC_CaptureCallback             0x08001e60   Section        0  stm32f1xx_hal_tim.o(i.HAL_TIM_IC_CaptureCallback)
    i.HAL_TIM_IRQHandler                     0x08001e62   Section        0  stm32f1xx_hal_tim.o(i.HAL_TIM_IRQHandler)
    i.HAL_TIM_MspPostInit                    0x08001f94   Section        0  tim.o(i.HAL_TIM_MspPostInit)
    i.HAL_TIM_OC_DelayElapsedCallback        0x08001fe0   Section        0  stm32f1xx_hal_tim.o(i.HAL_TIM_OC_DelayElapsedCallback)
    i.HAL_TIM_PWM_ConfigChannel              0x08001fe2   Section        0  stm32f1xx_hal_tim.o(i.HAL_TIM_PWM_ConfigChannel)
    i.HAL_TIM_PWM_Init                       0x080020ae   Section        0  stm32f1xx_hal_tim.o(i.HAL_TIM_PWM_Init)
    i.HAL_TIM_PWM_MspInit                    0x08002108   Section        0  stm32f1xx_hal_tim.o(i.HAL_TIM_PWM_MspInit)
    i.HAL_TIM_PWM_PulseFinishedCallback      0x0800210a   Section        0  stm32f1xx_hal_tim.o(i.HAL_TIM_PWM_PulseFinishedCallback)
    i.HAL_TIM_PeriodElapsedCallback          0x0800210c   Section        0  tim.o(i.HAL_TIM_PeriodElapsedCallback)
    i.HAL_TIM_TriggerCallback                0x080021b0   Section        0  stm32f1xx_hal_tim.o(i.HAL_TIM_TriggerCallback)
    i.HAL_UARTEx_RxEventCallback             0x080021b2   Section        0  stm32f1xx_hal_uart.o(i.HAL_UARTEx_RxEventCallback)
    i.HAL_UART_ErrorCallback                 0x080021b4   Section        0  stm32f1xx_hal_uart.o(i.HAL_UART_ErrorCallback)
    i.HAL_UART_IRQHandler                    0x080021b8   Section        0  stm32f1xx_hal_uart.o(i.HAL_UART_IRQHandler)
    i.HAL_UART_Init                          0x08002424   Section        0  stm32f1xx_hal_uart.o(i.HAL_UART_Init)
    i.HAL_UART_MspInit                       0x08002488   Section        0  usart.o(i.HAL_UART_MspInit)
    i.HAL_UART_Receive_IT                    0x08002618   Section        0  stm32f1xx_hal_uart.o(i.HAL_UART_Receive_IT)
    i.HAL_UART_RxCpltCallback                0x08002634   Section        0  communication.o(i.HAL_UART_RxCpltCallback)
    i.HAL_UART_Transmit                      0x0800267c   Section        0  stm32f1xx_hal_uart.o(i.HAL_UART_Transmit)
    i.HAL_UART_TxCpltCallback                0x0800271c   Section        0  stm32f1xx_hal_uart.o(i.HAL_UART_TxCpltCallback)
    i.HardFault_Handler                      0x0800271e   Section        0  stm32f1xx_it.o(i.HardFault_Handler)
    i.KEY1_press                             0x08002720   Section        0  key_crl.o(i.KEY1_press)
    i.KEY2_press                             0x080027b8   Section        0  key_crl.o(i.KEY2_press)
    i.KEY3_press                             0x08002844   Section        0  key_crl.o(i.KEY3_press)
    i.KEY4_press                             0x08002890   Section        0  key_crl.o(i.KEY4_press)
    i.KEY5_press                             0x08002918   Section        0  key_crl.o(i.KEY5_press)
    i.LCD_Address_Set                        0x080029c0   Section        0  st7789v2.o(i.LCD_Address_Set)
    i.LCD_Clear                              0x080029fc   Section        0  st7789v2.o(i.LCD_Clear)
    i.LCD_DrawLine                           0x08002a54   Section        0  st7789v2.o(i.LCD_DrawLine)
    i.LCD_Draw_ColorPoint                    0x08002b40   Section        0  st7789v2.o(i.LCD_Draw_ColorPoint)
    i.LCD_Fill                               0x08002b58   Section        0  st7789v2.o(i.LCD_Fill)
    i.LCD_Init                               0x08002bd8   Section        0  st7789v2.o(i.LCD_Init)
    i.LCD_Pow                                0x08002d88   Section        0  st7789v2.o(i.LCD_Pow)
    LCD_Pow                                  0x08002d89   Thumb Code    16  st7789v2.o(i.LCD_Pow)
    i.LCD_SPI_Send                           0x08002d98   Section        0  st7789v2.o(i.LCD_SPI_Send)
    LCD_SPI_Send                             0x08002d99   Thumb Code     4  st7789v2.o(i.LCD_SPI_Send)
    i.LCD_ShowChar                           0x08002d9c   Section        0  st7789v2.o(i.LCD_ShowChar)
    i.LCD_ShowNum                            0x08002ec8   Section        0  st7789v2.o(i.LCD_ShowNum)
    i.LCD_Show_Image_Internal_Flash          0x08002f3c   Section        0  st7789v2.o(i.LCD_Show_Image_Internal_Flash)
    i.LCD_Write_Cmd                          0x08002f7c   Section        0  st7789v2.o(i.LCD_Write_Cmd)
    LCD_Write_Cmd                            0x08002f7d   Thumb Code    22  st7789v2.o(i.LCD_Write_Cmd)
    i.LCD_Write_Data                         0x08002f98   Section        0  st7789v2.o(i.LCD_Write_Data)
    LCD_Write_Data                           0x08002f99   Thumb Code    22  st7789v2.o(i.LCD_Write_Data)
    i.LCD_Write_Data_16bit                   0x08002fb4   Section        0  st7789v2.o(i.LCD_Write_Data_16bit)
    i.MX_ADC1_Init                           0x08002fdc   Section        0  adc.o(i.MX_ADC1_Init)
    i.MX_DMA_Init                            0x0800309c   Section        0  dma.o(i.MX_DMA_Init)
    i.MX_GPIO_Init                           0x080030c8   Section        0  gpio.o(i.MX_GPIO_Init)
    i.MX_SPI1_Init                           0x08003204   Section        0  spi.o(i.MX_SPI1_Init)
    i.MX_TIM4_Init                           0x0800324c   Section        0  tim.o(i.MX_TIM4_Init)
    i.MX_TIM5_Init                           0x0800330c   Section        0  tim.o(i.MX_TIM5_Init)
    i.MX_TIM6_Init                           0x08003374   Section        0  tim.o(i.MX_TIM6_Init)
    i.MX_TIM7_Init                           0x080033b8   Section        0  tim.o(i.MX_TIM7_Init)
    i.MX_UART4_Init                          0x080033fc   Section        0  usart.o(i.MX_UART4_Init)
    i.MX_USART1_UART_Init                    0x08003434   Section        0  usart.o(i.MX_USART1_UART_Init)
    i.MX_USART2_UART_Init                    0x0800346c   Section        0  usart.o(i.MX_USART2_UART_Init)
    i.MX_USART3_UART_Init                    0x080034a4   Section        0  usart.o(i.MX_USART3_UART_Init)
    i.MemManage_Handler                      0x080034dc   Section        0  stm32f1xx_it.o(i.MemManage_Handler)
    i.NMI_Handler                            0x080034de   Section        0  stm32f1xx_it.o(i.NMI_Handler)
    i.PendSV_Handler                         0x080034e0   Section        0  stm32f1xx_it.o(i.PendSV_Handler)
    i.PutChinese_12                          0x080034e4   Section        0  st7789v2.o(i.PutChinese_12)
    i.PutChinese_16                          0x08003588   Section        0  st7789v2.o(i.PutChinese_16)
    i.PutChinese_strings                     0x08003628   Section        0  st7789v2.o(i.PutChinese_strings)
    i.SPI1_IRQHandler                        0x08003658   Section        0  stm32f1xx_it.o(i.SPI1_IRQHandler)
    i.SPI1_WriteByte                         0x08003664   Section        0  spi.o(i.SPI1_WriteByte)
    i.SPI1_WriteByte_DMA                     0x08003674   Section        0  spi.o(i.SPI1_WriteByte_DMA)
    i.SPI_DMAAbortOnError                    0x08003684   Section        0  stm32f1xx_hal_spi.o(i.SPI_DMAAbortOnError)
    SPI_DMAAbortOnError                      0x08003685   Thumb Code    16  stm32f1xx_hal_spi.o(i.SPI_DMAAbortOnError)
    i.SPI_DMAError                           0x08003694   Section        0  stm32f1xx_hal_spi.o(i.SPI_DMAError)
    SPI_DMAError                             0x08003695   Thumb Code    34  stm32f1xx_hal_spi.o(i.SPI_DMAError)
    i.SPI_DMAHalfTransmitCplt                0x080036b6   Section        0  stm32f1xx_hal_spi.o(i.SPI_DMAHalfTransmitCplt)
    SPI_DMAHalfTransmitCplt                  0x080036b7   Thumb Code    10  stm32f1xx_hal_spi.o(i.SPI_DMAHalfTransmitCplt)
    i.SPI_DMATransmitCplt                    0x080036c0   Section        0  stm32f1xx_hal_spi.o(i.SPI_DMATransmitCplt)
    SPI_DMATransmitCplt                      0x080036c1   Thumb Code   100  stm32f1xx_hal_spi.o(i.SPI_DMATransmitCplt)
    i.SPI_EndRxTxTransaction                 0x08003724   Section        0  stm32f1xx_hal_spi.o(i.SPI_EndRxTxTransaction)
    SPI_EndRxTxTransaction                   0x08003725   Thumb Code    52  stm32f1xx_hal_spi.o(i.SPI_EndRxTxTransaction)
    i.SPI_WaitFlagStateUntilTimeout          0x08003758   Section        0  stm32f1xx_hal_spi.o(i.SPI_WaitFlagStateUntilTimeout)
    SPI_WaitFlagStateUntilTimeout            0x08003759   Thumb Code   180  stm32f1xx_hal_spi.o(i.SPI_WaitFlagStateUntilTimeout)
    i.SVC_Handler                            0x08003810   Section        0  stm32f1xx_it.o(i.SVC_Handler)
    i.SysTick_Handler                        0x08003812   Section        0  stm32f1xx_it.o(i.SysTick_Handler)
    i.SystemClock_Config                     0x08003816   Section        0  main.o(i.SystemClock_Config)
    i.SystemInit                             0x08003890   Section        0  system_stm32f1xx.o(i.SystemInit)
    i.TIM5_IRQHandler                        0x08003894   Section        0  stm32f1xx_it.o(i.TIM5_IRQHandler)
    i.TIM6_IRQHandler                        0x080038a0   Section        0  stm32f1xx_it.o(i.TIM6_IRQHandler)
    i.TIM7_IRQHandler                        0x080038ac   Section        0  stm32f1xx_it.o(i.TIM7_IRQHandler)
    i.TIM_Base_SetConfig                     0x080038b8   Section        0  stm32f1xx_hal_tim.o(i.TIM_Base_SetConfig)
    i.TIM_ETR_SetConfig                      0x08003954   Section        0  stm32f1xx_hal_tim.o(i.TIM_ETR_SetConfig)
    i.TIM_ITRx_SetConfig                     0x08003968   Section        0  stm32f1xx_hal_tim.o(i.TIM_ITRx_SetConfig)
    TIM_ITRx_SetConfig                       0x08003969   Thumb Code    16  stm32f1xx_hal_tim.o(i.TIM_ITRx_SetConfig)
    i.TIM_OC1_SetConfig                      0x08003978   Section        0  stm32f1xx_hal_tim.o(i.TIM_OC1_SetConfig)
    TIM_OC1_SetConfig                        0x08003979   Thumb Code    88  stm32f1xx_hal_tim.o(i.TIM_OC1_SetConfig)
    i.TIM_OC2_SetConfig                      0x080039d8   Section        0  stm32f1xx_hal_tim.o(i.TIM_OC2_SetConfig)
    i.TIM_OC3_SetConfig                      0x08003a44   Section        0  stm32f1xx_hal_tim.o(i.TIM_OC3_SetConfig)
    TIM_OC3_SetConfig                        0x08003a45   Thumb Code    96  stm32f1xx_hal_tim.o(i.TIM_OC3_SetConfig)
    i.TIM_OC4_SetConfig                      0x08003aac   Section        0  stm32f1xx_hal_tim.o(i.TIM_OC4_SetConfig)
    TIM_OC4_SetConfig                        0x08003aad   Thumb Code    70  stm32f1xx_hal_tim.o(i.TIM_OC4_SetConfig)
    i.TIM_TI1_ConfigInputStage               0x08003afc   Section        0  stm32f1xx_hal_tim.o(i.TIM_TI1_ConfigInputStage)
    TIM_TI1_ConfigInputStage                 0x08003afd   Thumb Code    34  stm32f1xx_hal_tim.o(i.TIM_TI1_ConfigInputStage)
    i.TIM_TI2_ConfigInputStage               0x08003b1e   Section        0  stm32f1xx_hal_tim.o(i.TIM_TI2_ConfigInputStage)
    TIM_TI2_ConfigInputStage                 0x08003b1f   Thumb Code    36  stm32f1xx_hal_tim.o(i.TIM_TI2_ConfigInputStage)
    i.UART4_IRQHandler                       0x08003b44   Section        0  stm32f1xx_it.o(i.UART4_IRQHandler)
    i.UART_DMAAbortOnError                   0x08003b50   Section        0  stm32f1xx_hal_uart.o(i.UART_DMAAbortOnError)
    UART_DMAAbortOnError                     0x08003b51   Thumb Code    16  stm32f1xx_hal_uart.o(i.UART_DMAAbortOnError)
    i.UART_EndRxTransfer                     0x08003b60   Section        0  stm32f1xx_hal_uart.o(i.UART_EndRxTransfer)
    UART_EndRxTransfer                       0x08003b61   Thumb Code    78  stm32f1xx_hal_uart.o(i.UART_EndRxTransfer)
    i.UART_Receive_IT                        0x08003bae   Section        0  stm32f1xx_hal_uart.o(i.UART_Receive_IT)
    UART_Receive_IT                          0x08003baf   Thumb Code   194  stm32f1xx_hal_uart.o(i.UART_Receive_IT)
    i.UART_SetConfig                         0x08003c70   Section        0  stm32f1xx_hal_uart.o(i.UART_SetConfig)
    UART_SetConfig                           0x08003c71   Thumb Code   178  stm32f1xx_hal_uart.o(i.UART_SetConfig)
    i.UART_Start_Receive_IT                  0x08003d28   Section        0  stm32f1xx_hal_uart.o(i.UART_Start_Receive_IT)
    i.UART_WaitOnFlagUntilTimeout            0x08003d5e   Section        0  stm32f1xx_hal_uart.o(i.UART_WaitOnFlagUntilTimeout)
    UART_WaitOnFlagUntilTimeout              0x08003d5f   Thumb Code   114  stm32f1xx_hal_uart.o(i.UART_WaitOnFlagUntilTimeout)
    i.USART1_IRQHandler                      0x08003dd0   Section        0  stm32f1xx_it.o(i.USART1_IRQHandler)
    i.USART2_IRQHandler                      0x08003ddc   Section        0  stm32f1xx_it.o(i.USART2_IRQHandler)
    i.USART3_IRQHandler                      0x08003de8   Section        0  stm32f1xx_it.o(i.USART3_IRQHandler)
    i.UsageFault_Handler                     0x08003df4   Section        0  stm32f1xx_it.o(i.UsageFault_Handler)
    i.__0printf$4                            0x08003df8   Section        0  printf4.o(i.__0printf$4)
    i.__NVIC_SetPriority                     0x08003e18   Section        0  stm32f1xx_hal_cortex.o(i.__NVIC_SetPriority)
    __NVIC_SetPriority                       0x08003e19   Thumb Code    32  stm32f1xx_hal_cortex.o(i.__NVIC_SetPriority)
    i.__scatterload_copy                     0x08003e38   Section       14  handlers.o(i.__scatterload_copy)
    i.__scatterload_null                     0x08003e46   Section        2  handlers.o(i.__scatterload_null)
    i.__scatterload_zeroinit                 0x08003e48   Section       14  handlers.o(i.__scatterload_zeroinit)
    i._printf_core                           0x08003e58   Section        0  printf4.o(i._printf_core)
    _printf_core                             0x08003e59   Thumb Code   552  printf4.o(i._printf_core)
    i.alarm_temp_dis                         0x08004084   Section        0  gui.o(i.alarm_temp_dis)
    i.buzzer_close                           0x080040b4   Section        0  key_crl.o(i.buzzer_close)
    i.buzzer_open                            0x080040d0   Section        0  key_crl.o(i.buzzer_open)
    i.channel_dis                            0x080040e0   Section        0  gui.o(i.channel_dis)
    i.delay_ms                               0x080041f4   Section        0  delay.o(i.delay_ms)
    i.fan_dis                                0x08004218   Section        0  gui.o(i.fan_dis)
    i.fputc                                  0x08004240   Section        0  main.o(i.fputc)
    i.gui_icon_init                          0x08004258   Section        0  gui.o(i.gui_icon_init)
    i.gui_init                               0x080043e0   Section        0  gui.o(i.gui_init)
    i.icon_beat                              0x0800440c   Section        0  gui.o(i.icon_beat)
    i.jump_to_init                           0x080044a8   Section        0  key_crl.o(i.jump_to_init)
    i.key_scan                               0x080044c8   Section        0  key_crl.o(i.key_scan)
    i.led_dis                                0x08004560   Section        0  gui.o(i.led_dis)
    i.main                                   0x08004594   Section        0  main.o(i.main)
    i.mode_dis                               0x08004658   Section        0  gui.o(i.mode_dis)
    i.power_dis                              0x080046e0   Section        0  gui.o(i.power_dis)
    i.refresh_icon                           0x08004708   Section        0  gui.o(i.refresh_icon)
    i.sync_dis                               0x08004724   Section        0  gui.o(i.sync_dis)
    i.temp_dis                               0x08004768   Section        0  gui.o(i.temp_dis)
    i.wait_spi1_dma_transmit                 0x08004798   Section        0  st7789v2.o(i.wait_spi1_dma_transmit)
    i.write_slave_reg                        0x080047ac   Section        0  modbus_rtu.o(i.write_slave_reg)
    .constdata                               0x080047ae   Section       18  stm32f1xx_hal_rcc.o(.constdata)
    aPredivFactorTable                       0x080047ae   Data           2  stm32f1xx_hal_rcc.o(.constdata)
    aPLLMULFactorTable                       0x080047b0   Data          16  stm32f1xx_hal_rcc.o(.constdata)
    .constdata                               0x080047c0   Section       18  stm32f1xx_hal_rcc_ex.o(.constdata)
    aPredivFactorTable                       0x080047c0   Data           2  stm32f1xx_hal_rcc_ex.o(.constdata)
    aPLLMULFactorTable                       0x080047c2   Data          16  stm32f1xx_hal_rcc_ex.o(.constdata)
    .constdata                               0x080047d2   Section       16  system_stm32f1xx.o(.constdata)
    .constdata                               0x080047e2   Section        8  system_stm32f1xx.o(.constdata)
    .constdata                               0x080047ea   Section    20780  gui.o(.constdata)
    .constdata                               0x08009916   Section    20224  st7789v2.o(.constdata)
    .data                                    0x20000000   Section        3  tim.o(.data)
    key_scan_cnt                             0x20000000   Data           1  tim.o(.data)
    beat_delay_cnt                           0x20000001   Data           1  tim.o(.data)
    modbus_04_scan_cnt                       0x20000002   Data           1  tim.o(.data)
    .data                                    0x20000004   Section       12  stm32f1xx_hal.o(.data)
    .data                                    0x20000010   Section        4  system_stm32f1xx.o(.data)
    .data                                    0x20000014   Section       12  gui.o(.data)
    .data                                    0x20000020   Section        1  key_crl.o(.data)
    .data                                    0x20000022   Section        4  power_crl.o(.data)
    .data                                    0x20000026   Section        4  st7789v2.o(.data)
    .data                                    0x2000002a   Section        2  st7789v2.o(.data)
    .data                                    0x2000002c   Section        4  stdout.o(.data)
    .bss                                     0x20000030   Section       48  adc.o(.bss)
    .bss                                     0x20000060   Section      156  spi.o(.bss)
    .bss                                     0x200000fc   Section      288  tim.o(.bss)
    .bss                                     0x2000021c   Section      288  usart.o(.bss)
    .bss                                     0x2000033c   Section      204  communication.o(.bss)
    .bss                                     0x20000408   Section     1536  st7789v2.o(.bss)
    lcd_buf                                  0x20000408   Data        1536  st7789v2.o(.bss)
    .bss                                     0x20000a08   Section      113  modbus_rtu.o(.bss)
    STACK                                    0x20000a80   Section     1024  startup_stm32f103xe.o(STACK)

    Global Symbols

    Symbol Name                              Value     Ov Type        Size  Object(Section)

    BuildAttributes$$THM_ISAv4$P$D$K$B$S$PE$A:L22UL41UL21$X:L11$S22US41US21$IEEE1$IW$USESV6$~STKCKD$USESV7$~SHL$OTIME$ROPI$EBA8$MICROLIB$REQ8$PRES8$EABIv2 0x00000000   Number         0  anon$$obj.o ABSOLUTE
    __ARM_use_no_argv                        0x00000000   Number         0  main.o ABSOLUTE
    _printf_a                                0x00000000   Number         0  stubs.o ABSOLUTE
    _printf_c                                0x00000000   Number         0  stubs.o ABSOLUTE
    _printf_charcount                        0x00000000   Number         0  stubs.o ABSOLUTE
    _printf_d                                0x00000000   Number         0  stubs.o ABSOLUTE
    _printf_e                                0x00000000   Number         0  stubs.o ABSOLUTE
    _printf_f                                0x00000000   Number         0  stubs.o ABSOLUTE
    _printf_flags                            0x00000000   Number         0  stubs.o ABSOLUTE
    _printf_fp_dec                           0x00000000   Number         0  stubs.o ABSOLUTE
    _printf_fp_hex                           0x00000000   Number         0  stubs.o ABSOLUTE
    _printf_g                                0x00000000   Number         0  stubs.o ABSOLUTE
    _printf_i                                0x00000000   Number         0  stubs.o ABSOLUTE
    _printf_int_dec                          0x00000000   Number         0  stubs.o ABSOLUTE
    _printf_l                                0x00000000   Number         0  stubs.o ABSOLUTE
    _printf_lc                               0x00000000   Number         0  stubs.o ABSOLUTE
    _printf_ll                               0x00000000   Number         0  stubs.o ABSOLUTE
    _printf_lld                              0x00000000   Number         0  stubs.o ABSOLUTE
    _printf_lli                              0x00000000   Number         0  stubs.o ABSOLUTE
    _printf_llo                              0x00000000   Number         0  stubs.o ABSOLUTE
    _printf_llu                              0x00000000   Number         0  stubs.o ABSOLUTE
    _printf_llx                              0x00000000   Number         0  stubs.o ABSOLUTE
    _printf_longlong_dec                     0x00000000   Number         0  stubs.o ABSOLUTE
    _printf_longlong_hex                     0x00000000   Number         0  stubs.o ABSOLUTE
    _printf_longlong_oct                     0x00000000   Number         0  stubs.o ABSOLUTE
    _printf_ls                               0x00000000   Number         0  stubs.o ABSOLUTE
    _printf_mbtowc                           0x00000000   Number         0  stubs.o ABSOLUTE
    _printf_n                                0x00000000   Number         0  stubs.o ABSOLUTE
    _printf_o                                0x00000000   Number         0  stubs.o ABSOLUTE
    _printf_p                                0x00000000   Number         0  stubs.o ABSOLUTE
    _printf_percent                          0x00000000   Number         0  stubs.o ABSOLUTE
    _printf_pre_padding                      0x00000000   Number         0  stubs.o ABSOLUTE
    _printf_return_value                     0x00000000   Number         0  stubs.o ABSOLUTE
    _printf_s                                0x00000000   Number         0  stubs.o ABSOLUTE
    _printf_sizespec                         0x00000000   Number         0  stubs.o ABSOLUTE
    _printf_str                              0x00000000   Number         0  stubs.o ABSOLUTE
    _printf_truncate_signed                  0x00000000   Number         0  stubs.o ABSOLUTE
    _printf_truncate_unsigned                0x00000000   Number         0  stubs.o ABSOLUTE
    _printf_u                                0x00000000   Number         0  stubs.o ABSOLUTE
    _printf_wc                               0x00000000   Number         0  stubs.o ABSOLUTE
    _printf_wctomb                           0x00000000   Number         0  stubs.o ABSOLUTE
    _printf_widthprec                        0x00000000   Number         0  stubs.o ABSOLUTE
    _printf_x                                0x00000000   Number         0  stubs.o ABSOLUTE
    __arm_fini_                               - Undefined Weak Reference
    __cpp_initialize__aeabi_                  - Undefined Weak Reference
    __cxa_finalize                            - Undefined Weak Reference
    __decompress                              - Undefined Weak Reference
    _clock_init                               - Undefined Weak Reference
    _microlib_exit                            - Undefined Weak Reference
    __Vectors_Size                           0x00000130   Number         0  startup_stm32f103xe.o ABSOLUTE
    __Vectors                                0x08000000   Data           4  startup_stm32f103xe.o(RESET)
    __Vectors_End                            0x08000130   Data           0  startup_stm32f103xe.o(RESET)
    __main                                   0x08000131   Thumb Code     0  entry.o(.ARM.Collect$$$$00000000)
    _main_stk                                0x08000131   Thumb Code     0  entry2.o(.ARM.Collect$$$$00000001)
    _main_scatterload                        0x08000135   Thumb Code     0  entry5.o(.ARM.Collect$$$$00000004)
    __main_after_scatterload                 0x08000139   Thumb Code     0  entry5.o(.ARM.Collect$$$$00000004)
    _main_clock                              0x08000139   Thumb Code     0  entry7b.o(.ARM.Collect$$$$00000008)
    _main_cpp_init                           0x08000139   Thumb Code     0  entry8b.o(.ARM.Collect$$$$0000000A)
    _main_init                               0x08000139   Thumb Code     0  entry9a.o(.ARM.Collect$$$$0000000B)
    __rt_lib_shutdown_fini                   0x08000141   Thumb Code     0  entry12b.o(.ARM.Collect$$$$0000000E)
    __rt_final_cpp                           0x08000145   Thumb Code     0  entry10a.o(.ARM.Collect$$$$0000000F)
    __rt_final_exit                          0x08000145   Thumb Code     0  entry11a.o(.ARM.Collect$$$$00000011)
    Reset_Handler                            0x08000149   Thumb Code     8  startup_stm32f103xe.o(.text)
    ADC3_IRQHandler                          0x08000163   Thumb Code     0  startup_stm32f103xe.o(.text)
    CAN1_RX1_IRQHandler                      0x08000163   Thumb Code     0  startup_stm32f103xe.o(.text)
    CAN1_SCE_IRQHandler                      0x08000163   Thumb Code     0  startup_stm32f103xe.o(.text)
    DMA1_Channel1_IRQHandler                 0x08000163   Thumb Code     0  startup_stm32f103xe.o(.text)
    DMA1_Channel2_IRQHandler                 0x08000163   Thumb Code     0  startup_stm32f103xe.o(.text)
    DMA1_Channel4_IRQHandler                 0x08000163   Thumb Code     0  startup_stm32f103xe.o(.text)
    DMA1_Channel5_IRQHandler                 0x08000163   Thumb Code     0  startup_stm32f103xe.o(.text)
    DMA1_Channel6_IRQHandler                 0x08000163   Thumb Code     0  startup_stm32f103xe.o(.text)
    DMA1_Channel7_IRQHandler                 0x08000163   Thumb Code     0  startup_stm32f103xe.o(.text)
    DMA2_Channel1_IRQHandler                 0x08000163   Thumb Code     0  startup_stm32f103xe.o(.text)
    DMA2_Channel2_IRQHandler                 0x08000163   Thumb Code     0  startup_stm32f103xe.o(.text)
    DMA2_Channel3_IRQHandler                 0x08000163   Thumb Code     0  startup_stm32f103xe.o(.text)
    DMA2_Channel4_5_IRQHandler               0x08000163   Thumb Code     0  startup_stm32f103xe.o(.text)
    EXTI0_IRQHandler                         0x08000163   Thumb Code     0  startup_stm32f103xe.o(.text)
    EXTI15_10_IRQHandler                     0x08000163   Thumb Code     0  startup_stm32f103xe.o(.text)
    EXTI1_IRQHandler                         0x08000163   Thumb Code     0  startup_stm32f103xe.o(.text)
    EXTI2_IRQHandler                         0x08000163   Thumb Code     0  startup_stm32f103xe.o(.text)
    EXTI3_IRQHandler                         0x08000163   Thumb Code     0  startup_stm32f103xe.o(.text)
    EXTI4_IRQHandler                         0x08000163   Thumb Code     0  startup_stm32f103xe.o(.text)
    FLASH_IRQHandler                         0x08000163   Thumb Code     0  startup_stm32f103xe.o(.text)
    FSMC_IRQHandler                          0x08000163   Thumb Code     0  startup_stm32f103xe.o(.text)
    I2C1_ER_IRQHandler                       0x08000163   Thumb Code     0  startup_stm32f103xe.o(.text)
    I2C1_EV_IRQHandler                       0x08000163   Thumb Code     0  startup_stm32f103xe.o(.text)
    I2C2_ER_IRQHandler                       0x08000163   Thumb Code     0  startup_stm32f103xe.o(.text)
    I2C2_EV_IRQHandler                       0x08000163   Thumb Code     0  startup_stm32f103xe.o(.text)
    PVD_IRQHandler                           0x08000163   Thumb Code     0  startup_stm32f103xe.o(.text)
    RCC_IRQHandler                           0x08000163   Thumb Code     0  startup_stm32f103xe.o(.text)
    RTC_Alarm_IRQHandler                     0x08000163   Thumb Code     0  startup_stm32f103xe.o(.text)
    RTC_IRQHandler                           0x08000163   Thumb Code     0  startup_stm32f103xe.o(.text)
    SDIO_IRQHandler                          0x08000163   Thumb Code     0  startup_stm32f103xe.o(.text)
    SPI2_IRQHandler                          0x08000163   Thumb Code     0  startup_stm32f103xe.o(.text)
    SPI3_IRQHandler                          0x08000163   Thumb Code     0  startup_stm32f103xe.o(.text)
    TAMPER_IRQHandler                        0x08000163   Thumb Code     0  startup_stm32f103xe.o(.text)
    TIM1_BRK_IRQHandler                      0x08000163   Thumb Code     0  startup_stm32f103xe.o(.text)
    TIM1_CC_IRQHandler                       0x08000163   Thumb Code     0  startup_stm32f103xe.o(.text)
    TIM1_TRG_COM_IRQHandler                  0x08000163   Thumb Code     0  startup_stm32f103xe.o(.text)
    TIM1_UP_IRQHandler                       0x08000163   Thumb Code     0  startup_stm32f103xe.o(.text)
    TIM2_IRQHandler                          0x08000163   Thumb Code     0  startup_stm32f103xe.o(.text)
    TIM3_IRQHandler                          0x08000163   Thumb Code     0  startup_stm32f103xe.o(.text)
    TIM4_IRQHandler                          0x08000163   Thumb Code     0  startup_stm32f103xe.o(.text)
    TIM8_BRK_IRQHandler                      0x08000163   Thumb Code     0  startup_stm32f103xe.o(.text)
    TIM8_CC_IRQHandler                       0x08000163   Thumb Code     0  startup_stm32f103xe.o(.text)
    TIM8_TRG_COM_IRQHandler                  0x08000163   Thumb Code     0  startup_stm32f103xe.o(.text)
    TIM8_UP_IRQHandler                       0x08000163   Thumb Code     0  startup_stm32f103xe.o(.text)
    UART5_IRQHandler                         0x08000163   Thumb Code     0  startup_stm32f103xe.o(.text)
    USBWakeUp_IRQHandler                     0x08000163   Thumb Code     0  startup_stm32f103xe.o(.text)
    USB_HP_CAN1_TX_IRQHandler                0x08000163   Thumb Code     0  startup_stm32f103xe.o(.text)
    USB_LP_CAN1_RX0_IRQHandler               0x08000163   Thumb Code     0  startup_stm32f103xe.o(.text)
    WWDG_IRQHandler                          0x08000163   Thumb Code     0  startup_stm32f103xe.o(.text)
    __aeabi_llsr                             0x0800016d   Thumb Code    32  llushr.o(.text)
    _ll_ushift_r                             0x0800016d   Thumb Code     0  llushr.o(.text)
    __aeabi_memcpy                           0x0800018d   Thumb Code    36  memcpya.o(.text)
    __aeabi_memcpy4                          0x0800018d   Thumb Code     0  memcpya.o(.text)
    __aeabi_memcpy8                          0x0800018d   Thumb Code     0  memcpya.o(.text)
    __aeabi_memset                           0x080001b1   Thumb Code    14  memseta.o(.text)
    __aeabi_memset4                          0x080001b1   Thumb Code     0  memseta.o(.text)
    __aeabi_memset8                          0x080001b1   Thumb Code     0  memseta.o(.text)
    __aeabi_memclr                           0x080001bf   Thumb Code     4  memseta.o(.text)
    __aeabi_memclr4                          0x080001bf   Thumb Code     0  memseta.o(.text)
    __aeabi_memclr8                          0x080001bf   Thumb Code     0  memseta.o(.text)
    _memset$wrapper                          0x080001c3   Thumb Code    18  memseta.o(.text)
    __aeabi_uldivmod                         0x080001d5   Thumb Code    98  uldiv.o(.text)
    __scatterload                            0x08000239   Thumb Code    28  init.o(.text)
    __scatterload_rt2                        0x08000239   Thumb Code     0  init.o(.text)
    __aeabi_llsl                             0x0800025d   Thumb Code    30  llshl.o(.text)
    _ll_shift_l                              0x0800025d   Thumb Code     0  llshl.o(.text)
    ADC1_2_IRQHandler                        0x0800027d   Thumb Code     6  stm32f1xx_it.o(i.ADC1_2_IRQHandler)
    ADC_ConversionStop_Disable               0x08000289   Thumb Code    86  stm32f1xx_hal_adc.o(i.ADC_ConversionStop_Disable)
    ADC_Enable                               0x080002e1   Thumb Code   114  stm32f1xx_hal_adc.o(i.ADC_Enable)
    BusFault_Handler                         0x0800035d   Thumb Code     2  stm32f1xx_it.o(i.BusFault_Handler)
    DMA1_Channel3_IRQHandler                 0x08000361   Thumb Code     6  stm32f1xx_it.o(i.DMA1_Channel3_IRQHandler)
    DebugMon_Handler                         0x08000397   Thumb Code     2  stm32f1xx_it.o(i.DebugMon_Handler)
    EXTI9_5_IRQHandler                       0x08000399   Thumb Code     6  stm32f1xx_it.o(i.EXTI9_5_IRQHandler)
    Error_Handler                            0x0800039f   Thumb Code     4  main.o(i.Error_Handler)
    HAL_ADCEx_Calibration_Start              0x080003a5   Thumb Code   210  stm32f1xx_hal_adc_ex.o(i.HAL_ADCEx_Calibration_Start)
    HAL_ADCEx_InjectedConvCpltCallback       0x0800047d   Thumb Code     2  stm32f1xx_hal_adc_ex.o(i.HAL_ADCEx_InjectedConvCpltCallback)
    HAL_ADC_ConfigChannel                    0x08000481   Thumb Code   240  stm32f1xx_hal_adc.o(i.HAL_ADC_ConfigChannel)
    HAL_ADC_ConvCpltCallback                 0x0800057d   Thumb Code     2  stm32f1xx_hal_adc.o(i.HAL_ADC_ConvCpltCallback)
    HAL_ADC_IRQHandler                       0x0800057f   Thumb Code   220  stm32f1xx_hal_adc.o(i.HAL_ADC_IRQHandler)
    HAL_ADC_Init                             0x0800065d   Thumb Code   272  stm32f1xx_hal_adc.o(i.HAL_ADC_Init)
    HAL_ADC_LevelOutOfWindowCallback         0x0800077d   Thumb Code     2  stm32f1xx_hal_adc.o(i.HAL_ADC_LevelOutOfWindowCallback)
    HAL_ADC_MspInit                          0x08000781   Thumb Code   150  adc.o(i.HAL_ADC_MspInit)
    HAL_DMA_Abort                            0x0800082d   Thumb Code    70  stm32f1xx_hal_dma.o(i.HAL_DMA_Abort)
    HAL_DMA_Abort_IT                         0x08000875   Thumb Code   296  stm32f1xx_hal_dma.o(i.HAL_DMA_Abort_IT)
    HAL_DMA_IRQHandler                       0x080009a5   Thumb Code   552  stm32f1xx_hal_dma.o(i.HAL_DMA_IRQHandler)
    HAL_DMA_Init                             0x08000bed   Thumb Code   112  stm32f1xx_hal_dma.o(i.HAL_DMA_Init)
    HAL_DMA_Start_IT                         0x08000c69   Thumb Code   112  stm32f1xx_hal_dma.o(i.HAL_DMA_Start_IT)
    HAL_Delay                                0x08000cd9   Thumb Code    32  stm32f1xx_hal.o(i.HAL_Delay)
    HAL_GPIO_EXTI_Callback                   0x08000cfd   Thumb Code    12  power_crl.o(i.HAL_GPIO_EXTI_Callback)
    HAL_GPIO_EXTI_IRQHandler                 0x08000d0d   Thumb Code    18  stm32f1xx_hal_gpio.o(i.HAL_GPIO_EXTI_IRQHandler)
    HAL_GPIO_Init                            0x08000d25   Thumb Code   462  stm32f1xx_hal_gpio.o(i.HAL_GPIO_Init)
    HAL_GPIO_ReadPin                         0x08000f1d   Thumb Code    10  stm32f1xx_hal_gpio.o(i.HAL_GPIO_ReadPin)
    HAL_GPIO_WritePin                        0x08000f27   Thumb Code    10  stm32f1xx_hal_gpio.o(i.HAL_GPIO_WritePin)
    HAL_GetTick                              0x08000f31   Thumb Code     6  stm32f1xx_hal.o(i.HAL_GetTick)
    HAL_IncTick                              0x08000f3d   Thumb Code    12  stm32f1xx_hal.o(i.HAL_IncTick)
    HAL_Init                                 0x08000f4d   Thumb Code    32  stm32f1xx_hal.o(i.HAL_Init)
    HAL_InitTick                             0x08000f71   Thumb Code    54  stm32f1xx_hal.o(i.HAL_InitTick)
    HAL_MspInit                              0x08000fb1   Thumb Code    52  stm32f1xx_hal_msp.o(i.HAL_MspInit)
    HAL_NVIC_EnableIRQ                       0x08000fed   Thumb Code    26  stm32f1xx_hal_cortex.o(i.HAL_NVIC_EnableIRQ)
    HAL_NVIC_SetPriority                     0x08001009   Thumb Code    60  stm32f1xx_hal_cortex.o(i.HAL_NVIC_SetPriority)
    HAL_NVIC_SetPriorityGrouping             0x08001049   Thumb Code    26  stm32f1xx_hal_cortex.o(i.HAL_NVIC_SetPriorityGrouping)
    HAL_RCCEx_GetPeriphCLKFreq               0x0800106d   Thumb Code   166  stm32f1xx_hal_rcc_ex.o(i.HAL_RCCEx_GetPeriphCLKFreq)
    HAL_RCCEx_PeriphCLKConfig                0x08001125   Thumb Code   224  stm32f1xx_hal_rcc_ex.o(i.HAL_RCCEx_PeriphCLKConfig)
    HAL_RCC_ClockConfig                      0x08001211   Thumb Code   280  stm32f1xx_hal_rcc.o(i.HAL_RCC_ClockConfig)
    HAL_RCC_GetPCLK1Freq                     0x0800133d   Thumb Code    20  stm32f1xx_hal_rcc.o(i.HAL_RCC_GetPCLK1Freq)
    HAL_RCC_GetPCLK2Freq                     0x0800135d   Thumb Code    20  stm32f1xx_hal_rcc.o(i.HAL_RCC_GetPCLK2Freq)
    HAL_RCC_GetSysClockFreq                  0x0800137d   Thumb Code    58  stm32f1xx_hal_rcc.o(i.HAL_RCC_GetSysClockFreq)
    HAL_RCC_OscConfig                        0x080013c9   Thumb Code   778  stm32f1xx_hal_rcc.o(i.HAL_RCC_OscConfig)
    HAL_SPI_ErrorCallback                    0x080016e9   Thumb Code     2  stm32f1xx_hal_spi.o(i.HAL_SPI_ErrorCallback)
    HAL_SPI_IRQHandler                       0x080016ed   Thumb Code   220  stm32f1xx_hal_spi.o(i.HAL_SPI_IRQHandler)
    HAL_SPI_Init                             0x080017cd   Thumb Code   178  stm32f1xx_hal_spi.o(i.HAL_SPI_Init)
    HAL_SPI_MspInit                          0x08001881   Thumb Code   138  spi.o(i.HAL_SPI_MspInit)
    HAL_SPI_Transmit                         0x08001921   Thumb Code   358  stm32f1xx_hal_spi.o(i.HAL_SPI_Transmit)
    HAL_SPI_Transmit_DMA                     0x08001a89   Thumb Code   190  stm32f1xx_hal_spi.o(i.HAL_SPI_Transmit_DMA)
    HAL_SPI_TxCpltCallback                   0x08001b55   Thumb Code    16  st7789v2.o(i.HAL_SPI_TxCpltCallback)
    HAL_SPI_TxHalfCpltCallback               0x08001b6d   Thumb Code     2  stm32f1xx_hal_spi.o(i.HAL_SPI_TxHalfCpltCallback)
    HAL_SYSTICK_Config                       0x08001b6f   Thumb Code    40  stm32f1xx_hal_cortex.o(i.HAL_SYSTICK_Config)
    HAL_TIMEx_BreakCallback                  0x08001b97   Thumb Code     2  stm32f1xx_hal_tim_ex.o(i.HAL_TIMEx_BreakCallback)
    HAL_TIMEx_CommutCallback                 0x08001b99   Thumb Code     2  stm32f1xx_hal_tim_ex.o(i.HAL_TIMEx_CommutCallback)
    HAL_TIMEx_MasterConfigSynchronization    0x08001b9d   Thumb Code   104  stm32f1xx_hal_tim_ex.o(i.HAL_TIMEx_MasterConfigSynchronization)
    HAL_TIM_Base_Init                        0x08001c19   Thumb Code    90  stm32f1xx_hal_tim.o(i.HAL_TIM_Base_Init)
    HAL_TIM_Base_MspInit                     0x08001c75   Thumb Code   144  tim.o(i.HAL_TIM_Base_MspInit)
    HAL_TIM_Base_Start_IT                    0x08001d19   Thumb Code    88  stm32f1xx_hal_tim.o(i.HAL_TIM_Base_Start_IT)
    HAL_TIM_ConfigClockSource                0x08001d85   Thumb Code   220  stm32f1xx_hal_tim.o(i.HAL_TIM_ConfigClockSource)
    HAL_TIM_IC_CaptureCallback               0x08001e61   Thumb Code     2  stm32f1xx_hal_tim.o(i.HAL_TIM_IC_CaptureCallback)
    HAL_TIM_IRQHandler                       0x08001e63   Thumb Code   304  stm32f1xx_hal_tim.o(i.HAL_TIM_IRQHandler)
    HAL_TIM_MspPostInit                      0x08001f95   Thumb Code    64  tim.o(i.HAL_TIM_MspPostInit)
    HAL_TIM_OC_DelayElapsedCallback          0x08001fe1   Thumb Code     2  stm32f1xx_hal_tim.o(i.HAL_TIM_OC_DelayElapsedCallback)
    HAL_TIM_PWM_ConfigChannel                0x08001fe3   Thumb Code   204  stm32f1xx_hal_tim.o(i.HAL_TIM_PWM_ConfigChannel)
    HAL_TIM_PWM_Init                         0x080020af   Thumb Code    90  stm32f1xx_hal_tim.o(i.HAL_TIM_PWM_Init)
    HAL_TIM_PWM_MspInit                      0x08002109   Thumb Code     2  stm32f1xx_hal_tim.o(i.HAL_TIM_PWM_MspInit)
    HAL_TIM_PWM_PulseFinishedCallback        0x0800210b   Thumb Code     2  stm32f1xx_hal_tim.o(i.HAL_TIM_PWM_PulseFinishedCallback)
    HAL_TIM_PeriodElapsedCallback            0x0800210d   Thumb Code   138  tim.o(i.HAL_TIM_PeriodElapsedCallback)
    HAL_TIM_TriggerCallback                  0x080021b1   Thumb Code     2  stm32f1xx_hal_tim.o(i.HAL_TIM_TriggerCallback)
    HAL_UARTEx_RxEventCallback               0x080021b3   Thumb Code     2  stm32f1xx_hal_uart.o(i.HAL_UARTEx_RxEventCallback)
    HAL_UART_ErrorCallback                   0x080021b5   Thumb Code     2  stm32f1xx_hal_uart.o(i.HAL_UART_ErrorCallback)
    HAL_UART_IRQHandler                      0x080021b9   Thumb Code   616  stm32f1xx_hal_uart.o(i.HAL_UART_IRQHandler)
    HAL_UART_Init                            0x08002425   Thumb Code   100  stm32f1xx_hal_uart.o(i.HAL_UART_Init)
    HAL_UART_MspInit                         0x08002489   Thumb Code   368  usart.o(i.HAL_UART_MspInit)
    HAL_UART_Receive_IT                      0x08002619   Thumb Code    28  stm32f1xx_hal_uart.o(i.HAL_UART_Receive_IT)
    HAL_UART_RxCpltCallback                  0x08002635   Thumb Code    60  communication.o(i.HAL_UART_RxCpltCallback)
    HAL_UART_Transmit                        0x0800267d   Thumb Code   160  stm32f1xx_hal_uart.o(i.HAL_UART_Transmit)
    HAL_UART_TxCpltCallback                  0x0800271d   Thumb Code     2  stm32f1xx_hal_uart.o(i.HAL_UART_TxCpltCallback)
    HardFault_Handler                        0x0800271f   Thumb Code     2  stm32f1xx_it.o(i.HardFault_Handler)
    KEY1_press                               0x08002721   Thumb Code   140  key_crl.o(i.KEY1_press)
    KEY2_press                               0x080027b9   Thumb Code   128  key_crl.o(i.KEY2_press)
    KEY3_press                               0x08002845   Thumb Code    68  key_crl.o(i.KEY3_press)
    KEY4_press                               0x08002891   Thumb Code   124  key_crl.o(i.KEY4_press)
    KEY5_press                               0x08002919   Thumb Code   150  key_crl.o(i.KEY5_press)
    LCD_Address_Set                          0x080029c1   Thumb Code    58  st7789v2.o(i.LCD_Address_Set)
    LCD_Clear                                0x080029fd   Thumb Code    80  st7789v2.o(i.LCD_Clear)
    LCD_DrawLine                             0x08002a55   Thumb Code   228  st7789v2.o(i.LCD_DrawLine)
    LCD_Draw_ColorPoint                      0x08002b41   Thumb Code    22  st7789v2.o(i.LCD_Draw_ColorPoint)
    LCD_Fill                                 0x08002b59   Thumb Code   118  st7789v2.o(i.LCD_Fill)
    LCD_Init                                 0x08002bd9   Thumb Code   426  st7789v2.o(i.LCD_Init)
    LCD_ShowChar                             0x08002d9d   Thumb Code   288  st7789v2.o(i.LCD_ShowChar)
    LCD_ShowNum                              0x08002ec9   Thumb Code   116  st7789v2.o(i.LCD_ShowNum)
    LCD_Show_Image_Internal_Flash            0x08002f3d   Thumb Code    60  st7789v2.o(i.LCD_Show_Image_Internal_Flash)
    LCD_Write_Data_16bit                     0x08002fb5   Thumb Code    36  st7789v2.o(i.LCD_Write_Data_16bit)
    MX_ADC1_Init                             0x08002fdd   Thumb Code   182  adc.o(i.MX_ADC1_Init)
    MX_DMA_Init                              0x0800309d   Thumb Code    40  dma.o(i.MX_DMA_Init)
    MX_GPIO_Init                             0x080030c9   Thumb Code   292  gpio.o(i.MX_GPIO_Init)
    MX_SPI1_Init                             0x08003205   Thumb Code    62  spi.o(i.MX_SPI1_Init)
    MX_TIM4_Init                             0x0800324d   Thumb Code   182  tim.o(i.MX_TIM4_Init)
    MX_TIM5_Init                             0x0800330d   Thumb Code    94  tim.o(i.MX_TIM5_Init)
    MX_TIM6_Init                             0x08003375   Thumb Code    60  tim.o(i.MX_TIM6_Init)
    MX_TIM7_Init                             0x080033b9   Thumb Code    58  tim.o(i.MX_TIM7_Init)
    MX_UART4_Init                            0x080033fd   Thumb Code    48  usart.o(i.MX_UART4_Init)
    MX_USART1_UART_Init                      0x08003435   Thumb Code    48  usart.o(i.MX_USART1_UART_Init)
    MX_USART2_UART_Init                      0x0800346d   Thumb Code    48  usart.o(i.MX_USART2_UART_Init)
    MX_USART3_UART_Init                      0x080034a5   Thumb Code    48  usart.o(i.MX_USART3_UART_Init)
    MemManage_Handler                        0x080034dd   Thumb Code     2  stm32f1xx_it.o(i.MemManage_Handler)
    NMI_Handler                              0x080034df   Thumb Code     2  stm32f1xx_it.o(i.NMI_Handler)
    PendSV_Handler                           0x080034e1   Thumb Code     2  stm32f1xx_it.o(i.PendSV_Handler)
    PutChinese_12                            0x080034e5   Thumb Code   160  st7789v2.o(i.PutChinese_12)
    PutChinese_16                            0x08003589   Thumb Code   156  st7789v2.o(i.PutChinese_16)
    PutChinese_strings                       0x08003629   Thumb Code    46  st7789v2.o(i.PutChinese_strings)
    SPI1_IRQHandler                          0x08003659   Thumb Code     6  stm32f1xx_it.o(i.SPI1_IRQHandler)
    SPI1_WriteByte                           0x08003665   Thumb Code    12  spi.o(i.SPI1_WriteByte)
    SPI1_WriteByte_DMA                       0x08003675   Thumb Code    10  spi.o(i.SPI1_WriteByte_DMA)
    SVC_Handler                              0x08003811   Thumb Code     2  stm32f1xx_it.o(i.SVC_Handler)
    SysTick_Handler                          0x08003813   Thumb Code     4  stm32f1xx_it.o(i.SysTick_Handler)
    SystemClock_Config                       0x08003817   Thumb Code   122  main.o(i.SystemClock_Config)
    SystemInit                               0x08003891   Thumb Code     2  system_stm32f1xx.o(i.SystemInit)
    TIM5_IRQHandler                          0x08003895   Thumb Code     6  stm32f1xx_it.o(i.TIM5_IRQHandler)
    TIM6_IRQHandler                          0x080038a1   Thumb Code     6  stm32f1xx_it.o(i.TIM6_IRQHandler)
    TIM7_IRQHandler                          0x080038ad   Thumb Code     6  stm32f1xx_it.o(i.TIM7_IRQHandler)
    TIM_Base_SetConfig                       0x080038b9   Thumb Code   134  stm32f1xx_hal_tim.o(i.TIM_Base_SetConfig)
    TIM_ETR_SetConfig                        0x08003955   Thumb Code    20  stm32f1xx_hal_tim.o(i.TIM_ETR_SetConfig)
    TIM_OC2_SetConfig                        0x080039d9   Thumb Code    98  stm32f1xx_hal_tim.o(i.TIM_OC2_SetConfig)
    UART4_IRQHandler                         0x08003b45   Thumb Code     6  stm32f1xx_it.o(i.UART4_IRQHandler)
    UART_Start_Receive_IT                    0x08003d29   Thumb Code    54  stm32f1xx_hal_uart.o(i.UART_Start_Receive_IT)
    USART1_IRQHandler                        0x08003dd1   Thumb Code     6  stm32f1xx_it.o(i.USART1_IRQHandler)
    USART2_IRQHandler                        0x08003ddd   Thumb Code     6  stm32f1xx_it.o(i.USART2_IRQHandler)
    USART3_IRQHandler                        0x08003de9   Thumb Code     6  stm32f1xx_it.o(i.USART3_IRQHandler)
    UsageFault_Handler                       0x08003df5   Thumb Code     2  stm32f1xx_it.o(i.UsageFault_Handler)
    __0printf$4                              0x08003df9   Thumb Code    22  printf4.o(i.__0printf$4)
    __1printf$4                              0x08003df9   Thumb Code     0  printf4.o(i.__0printf$4)
    __2printf                                0x08003df9   Thumb Code     0  printf4.o(i.__0printf$4)
    __scatterload_copy                       0x08003e39   Thumb Code    14  handlers.o(i.__scatterload_copy)
    __scatterload_null                       0x08003e47   Thumb Code     2  handlers.o(i.__scatterload_null)
    __scatterload_zeroinit                   0x08003e49   Thumb Code    14  handlers.o(i.__scatterload_zeroinit)
    alarm_temp_dis                           0x08004085   Thumb Code    34  gui.o(i.alarm_temp_dis)
    buzzer_close                             0x080040b5   Thumb Code    22  key_crl.o(i.buzzer_close)
    buzzer_open                              0x080040d1   Thumb Code    10  key_crl.o(i.buzzer_open)
    channel_dis                              0x080040e1   Thumb Code   266  gui.o(i.channel_dis)
    delay_ms                                 0x080041f5   Thumb Code    36  delay.o(i.delay_ms)
    fan_dis                                  0x08004219   Thumb Code    32  gui.o(i.fan_dis)
    fputc                                    0x08004241   Thumb Code    20  main.o(i.fputc)
    gui_icon_init                            0x08004259   Thumb Code   340  gui.o(i.gui_icon_init)
    gui_init                                 0x080043e1   Thumb Code    40  gui.o(i.gui_init)
    icon_beat                                0x0800440d   Thumb Code   146  gui.o(i.icon_beat)
    jump_to_init                             0x080044a9   Thumb Code    24  key_crl.o(i.jump_to_init)
    key_scan                                 0x080044c9   Thumb Code   138  key_crl.o(i.key_scan)
    led_dis                                  0x08004561   Thumb Code    38  gui.o(i.led_dis)
    main                                     0x08004595   Thumb Code   138  main.o(i.main)
    mode_dis                                 0x08004659   Thumb Code   104  gui.o(i.mode_dis)
    power_dis                                0x080046e1   Thumb Code    32  gui.o(i.power_dis)
    refresh_icon                             0x08004709   Thumb Code    26  gui.o(i.refresh_icon)
    sync_dis                                 0x08004725   Thumb Code    54  gui.o(i.sync_dis)
    temp_dis                                 0x08004769   Thumb Code    34  gui.o(i.temp_dis)
    wait_spi1_dma_transmit                   0x08004799   Thumb Code    14  st7789v2.o(i.wait_spi1_dma_transmit)
    write_slave_reg                          0x080047ad   Thumb Code     2  modbus_rtu.o(i.write_slave_reg)
    AHBPrescTable                            0x080047d2   Data          16  system_stm32f1xx.o(.constdata)
    APBPrescTable                            0x080047e2   Data           8  system_stm32f1xx.o(.constdata)
    gImage_connect_on                        0x080047ea   Data        1740  gui.o(.constdata)
    gImage_sync_on                           0x08004eb6   Data        1800  gui.o(.constdata)
    gImage_temp_alarm_red                    0x080055be   Data        1682  gui.o(.constdata)
    gImage_channel_on                        0x08005c50   Data        2024  gui.o(.constdata)
    gImage_channel_off                       0x08006438   Data        2024  gui.o(.constdata)
    gImage_fan1                              0x08006c20   Data        2048  gui.o(.constdata)
    gImage_led_off                           0x08007420   Data        2048  gui.o(.constdata)
    gImage_led_on                            0x08007c20   Data        2048  gui.o(.constdata)
    gImage_mode                              0x08008420   Data        2604  gui.o(.constdata)
    gImage_baifenbi                          0x08008e4c   Data         312  gui.o(.constdata)
    gImage_baifenbi_big                      0x08008f84   Data        2450  gui.o(.constdata)
    asc2_1206                                0x08009916   Data        1140  st7789v2.o(.constdata)
    asc2_1608                                0x08009d8a   Data        1520  st7789v2.o(.constdata)
    asc2_2412                                0x0800a37a   Data        4560  st7789v2.o(.constdata)
    asc2_3216                                0x0800b54a   Data       12160  st7789v2.o(.constdata)
    tfont16                                  0x0800e4ca   Data         714  st7789v2.o(.constdata)
    tfont12                                  0x0800e794   Data         130  st7789v2.o(.constdata)
    Region$$Table$$Base                      0x0800e818   Number         0  anon$$obj.o(Region$$Table)
    Region$$Table$$Limit                     0x0800e838   Number         0  anon$$obj.o(Region$$Table)
    uwTickFreq                               0x20000004   Data           1  stm32f1xx_hal.o(.data)
    uwTickPrio                               0x20000008   Data           4  stm32f1xx_hal.o(.data)
    uwTick                                   0x2000000c   Data           4  stm32f1xx_hal.o(.data)
    SystemCoreClock                          0x20000010   Data           4  system_stm32f1xx.o(.data)
    gui_beat                                 0x20000014   Data           4  gui.o(.data)
    gui_info                                 0x20000018   Data           8  gui.o(.data)
    key                                      0x20000020   Data           1  key_crl.o(.data)
    zero_flag                                0x20000022   Data           1  power_crl.o(.data)
    power_phase_delay                        0x20000024   Data           2  power_crl.o(.data)
    transmit_complete_flag1                  0x20000026   Data           1  st7789v2.o(.data)
    POINT_COLOR                              0x20000028   Data           2  st7789v2.o(.data)
    BACK_COLOR                               0x2000002a   Data           2  st7789v2.o(.data)
    __stdout                                 0x2000002c   Data           4  stdout.o(.data)
    hadc1                                    0x20000030   Data          48  adc.o(.bss)
    hspi1                                    0x20000060   Data          88  spi.o(.bss)
    hdma_spi1_tx                             0x200000b8   Data          68  spi.o(.bss)
    htim4                                    0x200000fc   Data          72  tim.o(.bss)
    htim5                                    0x20000144   Data          72  tim.o(.bss)
    htim6                                    0x2000018c   Data          72  tim.o(.bss)
    htim7                                    0x200001d4   Data          72  tim.o(.bss)
    huart4                                   0x2000021c   Data          72  usart.o(.bss)
    huart1                                   0x20000264   Data          72  usart.o(.bss)
    huart2                                   0x200002ac   Data          72  usart.o(.bss)
    huart3                                   0x200002f4   Data          72  usart.o(.bss)
    rs485                                    0x2000033c   Data         204  communication.o(.bss)
    modbus                                   0x20000a08   Data         113  modbus_rtu.o(.bss)
    __initial_sp                             0x20000e80   Data           0  startup_stm32f103xe.o(STACK)



==============================================================================

Memory Map of the image

  Image Entry point : 0x08000131

  Load Region LR_IROM1 (Base: 0x08000000, Size: 0x0000e868, Max: 0x00040000, ABSOLUTE)

    Execution Region ER_IROM1 (Exec base: 0x08000000, Load base: 0x08000000, Size: 0x0000e838, Max: 0x00040000, ABSOLUTE)

    Exec Addr    Load Addr    Size         Type   Attr      Idx    E Section Name        Object

    0x08000000   0x08000000   0x00000130   Data   RO            3    RESET               startup_stm32f103xe.o
    0x08000130   0x08000130   0x00000000   Code   RO         4345  * .ARM.Collect$$$$00000000  mc_w.l(entry.o)
    0x08000130   0x08000130   0x00000004   Code   RO         4625    .ARM.Collect$$$$00000001  mc_w.l(entry2.o)
    0x08000134   0x08000134   0x00000004   Code   RO         4628    .ARM.Collect$$$$00000004  mc_w.l(entry5.o)
    0x08000138   0x08000138   0x00000000   Code   RO         4630    .ARM.Collect$$$$00000008  mc_w.l(entry7b.o)
    0x08000138   0x08000138   0x00000000   Code   RO         4632    .ARM.Collect$$$$0000000A  mc_w.l(entry8b.o)
    0x08000138   0x08000138   0x00000008   Code   RO         4633    .ARM.Collect$$$$0000000B  mc_w.l(entry9a.o)
    0x08000140   0x08000140   0x00000004   Code   RO         4640    .ARM.Collect$$$$0000000E  mc_w.l(entry12b.o)
    0x08000144   0x08000144   0x00000000   Code   RO         4635    .ARM.Collect$$$$0000000F  mc_w.l(entry10a.o)
    0x08000144   0x08000144   0x00000000   Code   RO         4637    .ARM.Collect$$$$00000011  mc_w.l(entry11a.o)
    0x08000144   0x08000144   0x00000004   Code   RO         4626    .ARM.Collect$$$$00002712  mc_w.l(entry2.o)
    0x08000148   0x08000148   0x00000024   Code   RO            4    .text               startup_stm32f103xe.o
    0x0800016c   0x0800016c   0x00000020   Code   RO         4348    .text               mc_w.l(llushr.o)
    0x0800018c   0x0800018c   0x00000024   Code   RO         4350    .text               mc_w.l(memcpya.o)
    0x080001b0   0x080001b0   0x00000024   Code   RO         4352    .text               mc_w.l(memseta.o)
    0x080001d4   0x080001d4   0x00000062   Code   RO         4644    .text               mc_w.l(uldiv.o)
    0x08000236   0x08000236   0x00000002   PAD
    0x08000238   0x08000238   0x00000024   Code   RO         4659    .text               mc_w.l(init.o)
    0x0800025c   0x0800025c   0x0000001e   Code   RO         4661    .text               mc_w.l(llshl.o)
    0x0800027a   0x0800027a   0x00000002   PAD
    0x0800027c   0x0800027c   0x0000000c   Code   RO          513    i.ADC1_2_IRQHandler  stm32f1xx_it.o
    0x08000288   0x08000288   0x00000056   Code   RO          715    i.ADC_ConversionStop_Disable  stm32f1xx_hal_adc.o
    0x080002de   0x080002de   0x00000002   PAD
    0x080002e0   0x080002e0   0x0000007c   Code   RO          719    i.ADC_Enable        stm32f1xx_hal_adc.o
    0x0800035c   0x0800035c   0x00000002   Code   RO          514    i.BusFault_Handler  stm32f1xx_it.o
    0x0800035e   0x0800035e   0x00000002   PAD
    0x08000360   0x08000360   0x0000000c   Code   RO          515    i.DMA1_Channel3_IRQHandler  stm32f1xx_it.o
    0x0800036c   0x0800036c   0x0000002a   Code   RO         1371    i.DMA_SetConfig     stm32f1xx_hal_dma.o
    0x08000396   0x08000396   0x00000002   Code   RO          516    i.DebugMon_Handler  stm32f1xx_it.o
    0x08000398   0x08000398   0x00000006   Code   RO          517    i.EXTI9_5_IRQHandler  stm32f1xx_it.o
    0x0800039e   0x0800039e   0x00000004   Code   RO           13    i.Error_Handler     main.o
    0x080003a2   0x080003a2   0x00000002   PAD
    0x080003a4   0x080003a4   0x000000d8   Code   RO          895    i.HAL_ADCEx_Calibration_Start  stm32f1xx_hal_adc_ex.o
    0x0800047c   0x0800047c   0x00000002   Code   RO          897    i.HAL_ADCEx_InjectedConvCpltCallback  stm32f1xx_hal_adc_ex.o
    0x0800047e   0x0800047e   0x00000002   PAD
    0x08000480   0x08000480   0x000000fc   Code   RO          721    i.HAL_ADC_ConfigChannel  stm32f1xx_hal_adc.o
    0x0800057c   0x0800057c   0x00000002   Code   RO          722    i.HAL_ADC_ConvCpltCallback  stm32f1xx_hal_adc.o
    0x0800057e   0x0800057e   0x000000dc   Code   RO          729    i.HAL_ADC_IRQHandler  stm32f1xx_hal_adc.o
    0x0800065a   0x0800065a   0x00000002   PAD
    0x0800065c   0x0800065c   0x00000120   Code   RO          730    i.HAL_ADC_Init      stm32f1xx_hal_adc.o
    0x0800077c   0x0800077c   0x00000002   Code   RO          731    i.HAL_ADC_LevelOutOfWindowCallback  stm32f1xx_hal_adc.o
    0x0800077e   0x0800077e   0x00000002   PAD
    0x08000780   0x08000780   0x000000ac   Code   RO          256    i.HAL_ADC_MspInit   adc.o
    0x0800082c   0x0800082c   0x00000046   Code   RO         1372    i.HAL_DMA_Abort     stm32f1xx_hal_dma.o
    0x08000872   0x08000872   0x00000002   PAD
    0x08000874   0x08000874   0x00000130   Code   RO         1373    i.HAL_DMA_Abort_IT  stm32f1xx_hal_dma.o
    0x080009a4   0x080009a4   0x00000248   Code   RO         1377    i.HAL_DMA_IRQHandler  stm32f1xx_hal_dma.o
    0x08000bec   0x08000bec   0x0000007c   Code   RO         1378    i.HAL_DMA_Init      stm32f1xx_hal_dma.o
    0x08000c68   0x08000c68   0x00000070   Code   RO         1382    i.HAL_DMA_Start_IT  stm32f1xx_hal_dma.o
    0x08000cd8   0x08000cd8   0x00000024   Code   RO          998    i.HAL_Delay         stm32f1xx_hal.o
    0x08000cfc   0x08000cfc   0x00000010   Code   RO         3933    i.HAL_GPIO_EXTI_Callback  power_crl.o
    0x08000d0c   0x08000d0c   0x00000018   Code   RO         1307    i.HAL_GPIO_EXTI_IRQHandler  stm32f1xx_hal_gpio.o
    0x08000d24   0x08000d24   0x000001f8   Code   RO         1308    i.HAL_GPIO_Init     stm32f1xx_hal_gpio.o
    0x08000f1c   0x08000f1c   0x0000000a   Code   RO         1310    i.HAL_GPIO_ReadPin  stm32f1xx_hal_gpio.o
    0x08000f26   0x08000f26   0x0000000a   Code   RO         1312    i.HAL_GPIO_WritePin  stm32f1xx_hal_gpio.o
    0x08000f30   0x08000f30   0x0000000c   Code   RO         1002    i.HAL_GetTick       stm32f1xx_hal.o
    0x08000f3c   0x08000f3c   0x00000010   Code   RO         1008    i.HAL_IncTick       stm32f1xx_hal.o
    0x08000f4c   0x08000f4c   0x00000024   Code   RO         1009    i.HAL_Init          stm32f1xx_hal.o
    0x08000f70   0x08000f70   0x00000040   Code   RO         1010    i.HAL_InitTick      stm32f1xx_hal.o
    0x08000fb0   0x08000fb0   0x0000003c   Code   RO          655    i.HAL_MspInit       stm32f1xx_hal_msp.o
    0x08000fec   0x08000fec   0x0000001a   Code   RO         1468    i.HAL_NVIC_EnableIRQ  stm32f1xx_hal_cortex.o
    0x08001006   0x08001006   0x00000002   PAD
    0x08001008   0x08001008   0x00000040   Code   RO         1474    i.HAL_NVIC_SetPriority  stm32f1xx_hal_cortex.o
    0x08001048   0x08001048   0x00000024   Code   RO         1475    i.HAL_NVIC_SetPriorityGrouping  stm32f1xx_hal_cortex.o
    0x0800106c   0x0800106c   0x000000b8   Code   RO         1269    i.HAL_RCCEx_GetPeriphCLKFreq  stm32f1xx_hal_rcc_ex.o
    0x08001124   0x08001124   0x000000ec   Code   RO         1270    i.HAL_RCCEx_PeriphCLKConfig  stm32f1xx_hal_rcc_ex.o
    0x08001210   0x08001210   0x0000012c   Code   RO         1166    i.HAL_RCC_ClockConfig  stm32f1xx_hal_rcc.o
    0x0800133c   0x0800133c   0x00000020   Code   RO         1173    i.HAL_RCC_GetPCLK1Freq  stm32f1xx_hal_rcc.o
    0x0800135c   0x0800135c   0x00000020   Code   RO         1174    i.HAL_RCC_GetPCLK2Freq  stm32f1xx_hal_rcc.o
    0x0800137c   0x0800137c   0x0000004c   Code   RO         1175    i.HAL_RCC_GetSysClockFreq  stm32f1xx_hal_rcc.o
    0x080013c8   0x080013c8   0x00000320   Code   RO         1178    i.HAL_RCC_OscConfig  stm32f1xx_hal_rcc.o
    0x080016e8   0x080016e8   0x00000002   Code   RO         1975    i.HAL_SPI_ErrorCallback  stm32f1xx_hal_spi.o
    0x080016ea   0x080016ea   0x00000002   PAD
    0x080016ec   0x080016ec   0x000000e0   Code   RO         1978    i.HAL_SPI_IRQHandler  stm32f1xx_hal_spi.o
    0x080017cc   0x080017cc   0x000000b2   Code   RO         1979    i.HAL_SPI_Init      stm32f1xx_hal_spi.o
    0x0800187e   0x0800187e   0x00000002   PAD
    0x08001880   0x08001880   0x000000a0   Code   RO          327    i.HAL_SPI_MspInit   spi.o
    0x08001920   0x08001920   0x00000166   Code   RO         1987    i.HAL_SPI_Transmit  stm32f1xx_hal_spi.o
    0x08001a86   0x08001a86   0x00000002   PAD
    0x08001a88   0x08001a88   0x000000cc   Code   RO         1991    i.HAL_SPI_Transmit_DMA  stm32f1xx_hal_spi.o
    0x08001b54   0x08001b54   0x00000018   Code   RO         4010    i.HAL_SPI_TxCpltCallback  st7789v2.o
    0x08001b6c   0x08001b6c   0x00000002   Code   RO         1994    i.HAL_SPI_TxHalfCpltCallback  stm32f1xx_hal_spi.o
    0x08001b6e   0x08001b6e   0x00000028   Code   RO         1479    i.HAL_SYSTICK_Config  stm32f1xx_hal_cortex.o
    0x08001b96   0x08001b96   0x00000002   Code   RO         2996    i.HAL_TIMEx_BreakCallback  stm32f1xx_hal_tim_ex.o
    0x08001b98   0x08001b98   0x00000002   Code   RO         2997    i.HAL_TIMEx_CommutCallback  stm32f1xx_hal_tim_ex.o
    0x08001b9a   0x08001b9a   0x00000002   PAD
    0x08001b9c   0x08001b9c   0x0000007c   Code   RO         3015    i.HAL_TIMEx_MasterConfigSynchronization  stm32f1xx_hal_tim_ex.o
    0x08001c18   0x08001c18   0x0000005a   Code   RO         2292    i.HAL_TIM_Base_Init  stm32f1xx_hal_tim.o
    0x08001c72   0x08001c72   0x00000002   PAD
    0x08001c74   0x08001c74   0x000000a4   Code   RO          381    i.HAL_TIM_Base_MspInit  tim.o
    0x08001d18   0x08001d18   0x0000006c   Code   RO         2297    i.HAL_TIM_Base_Start_IT  stm32f1xx_hal_tim.o
    0x08001d84   0x08001d84   0x000000dc   Code   RO         2301    i.HAL_TIM_ConfigClockSource  stm32f1xx_hal_tim.o
    0x08001e60   0x08001e60   0x00000002   Code   RO         2326    i.HAL_TIM_IC_CaptureCallback  stm32f1xx_hal_tim.o
    0x08001e62   0x08001e62   0x00000130   Code   RO         2340    i.HAL_TIM_IRQHandler  stm32f1xx_hal_tim.o
    0x08001f92   0x08001f92   0x00000002   PAD
    0x08001f94   0x08001f94   0x0000004c   Code   RO          382    i.HAL_TIM_MspPostInit  tim.o
    0x08001fe0   0x08001fe0   0x00000002   Code   RO         2343    i.HAL_TIM_OC_DelayElapsedCallback  stm32f1xx_hal_tim.o
    0x08001fe2   0x08001fe2   0x000000cc   Code   RO         2364    i.HAL_TIM_PWM_ConfigChannel  stm32f1xx_hal_tim.o
    0x080020ae   0x080020ae   0x0000005a   Code   RO         2367    i.HAL_TIM_PWM_Init  stm32f1xx_hal_tim.o
    0x08002108   0x08002108   0x00000002   Code   RO         2369    i.HAL_TIM_PWM_MspInit  stm32f1xx_hal_tim.o
    0x0800210a   0x0800210a   0x00000002   Code   RO         2370    i.HAL_TIM_PWM_PulseFinishedCallback  stm32f1xx_hal_tim.o
    0x0800210c   0x0800210c   0x000000a4   Code   RO          383    i.HAL_TIM_PeriodElapsedCallback  tim.o
    0x080021b0   0x080021b0   0x00000002   Code   RO         2383    i.HAL_TIM_TriggerCallback  stm32f1xx_hal_tim.o
    0x080021b2   0x080021b2   0x00000002   Code   RO         3275    i.HAL_UARTEx_RxEventCallback  stm32f1xx_hal_uart.o
    0x080021b4   0x080021b4   0x00000002   Code   RO         3289    i.HAL_UART_ErrorCallback  stm32f1xx_hal_uart.o
    0x080021b6   0x080021b6   0x00000002   PAD
    0x080021b8   0x080021b8   0x0000026c   Code   RO         3292    i.HAL_UART_IRQHandler  stm32f1xx_hal_uart.o
    0x08002424   0x08002424   0x00000064   Code   RO         3293    i.HAL_UART_Init     stm32f1xx_hal_uart.o
    0x08002488   0x08002488   0x00000190   Code   RO          454    i.HAL_UART_MspInit  usart.o
    0x08002618   0x08002618   0x0000001c   Code   RO         3298    i.HAL_UART_Receive_IT  stm32f1xx_hal_uart.o
    0x08002634   0x08002634   0x00000048   Code   RO         3664    i.HAL_UART_RxCpltCallback  communication.o
    0x0800267c   0x0800267c   0x000000a0   Code   RO         3301    i.HAL_UART_Transmit  stm32f1xx_hal_uart.o
    0x0800271c   0x0800271c   0x00000002   Code   RO         3304    i.HAL_UART_TxCpltCallback  stm32f1xx_hal_uart.o
    0x0800271e   0x0800271e   0x00000002   Code   RO          518    i.HardFault_Handler  stm32f1xx_it.o
    0x08002720   0x08002720   0x00000098   Code   RO         3819    i.KEY1_press        key_crl.o
    0x080027b8   0x080027b8   0x0000008c   Code   RO         3820    i.KEY2_press        key_crl.o
    0x08002844   0x08002844   0x0000004c   Code   RO         3821    i.KEY3_press        key_crl.o
    0x08002890   0x08002890   0x00000088   Code   RO         3822    i.KEY4_press        key_crl.o
    0x08002918   0x08002918   0x000000a8   Code   RO         3823    i.KEY5_press        key_crl.o
    0x080029c0   0x080029c0   0x0000003a   Code   RO         4011    i.LCD_Address_Set   st7789v2.o
    0x080029fa   0x080029fa   0x00000002   PAD
    0x080029fc   0x080029fc   0x00000058   Code   RO         4012    i.LCD_Clear         st7789v2.o
    0x08002a54   0x08002a54   0x000000ec   Code   RO         4015    i.LCD_DrawLine      st7789v2.o
    0x08002b40   0x08002b40   0x00000016   Code   RO         4018    i.LCD_Draw_ColorPoint  st7789v2.o
    0x08002b56   0x08002b56   0x00000002   PAD
    0x08002b58   0x08002b58   0x00000080   Code   RO         4020    i.LCD_Fill          st7789v2.o
    0x08002bd8   0x08002bd8   0x000001b0   Code   RO         4021    i.LCD_Init          st7789v2.o
    0x08002d88   0x08002d88   0x00000010   Code   RO         4022    i.LCD_Pow           st7789v2.o
    0x08002d98   0x08002d98   0x00000004   Code   RO         4023    i.LCD_SPI_Send      st7789v2.o
    0x08002d9c   0x08002d9c   0x0000012c   Code   RO         4024    i.LCD_ShowChar      st7789v2.o
    0x08002ec8   0x08002ec8   0x00000074   Code   RO         4025    i.LCD_ShowNum       st7789v2.o
    0x08002f3c   0x08002f3c   0x00000040   Code   RO         4027    i.LCD_Show_Image_Internal_Flash  st7789v2.o
    0x08002f7c   0x08002f7c   0x0000001c   Code   RO         4030    i.LCD_Write_Cmd     st7789v2.o
    0x08002f98   0x08002f98   0x0000001c   Code   RO         4031    i.LCD_Write_Data    st7789v2.o
    0x08002fb4   0x08002fb4   0x00000028   Code   RO         4032    i.LCD_Write_Data_16bit  st7789v2.o
    0x08002fdc   0x08002fdc   0x000000c0   Code   RO          257    i.MX_ADC1_Init      adc.o
    0x0800309c   0x0800309c   0x0000002c   Code   RO          302    i.MX_DMA_Init       dma.o
    0x080030c8   0x080030c8   0x0000013c   Code   RO          230    i.MX_GPIO_Init      gpio.o
    0x08003204   0x08003204   0x00000048   Code   RO          328    i.MX_SPI1_Init      spi.o
    0x0800324c   0x0800324c   0x000000c0   Code   RO          384    i.MX_TIM4_Init      tim.o
    0x0800330c   0x0800330c   0x00000068   Code   RO          385    i.MX_TIM5_Init      tim.o
    0x08003374   0x08003374   0x00000044   Code   RO          386    i.MX_TIM6_Init      tim.o
    0x080033b8   0x080033b8   0x00000044   Code   RO          387    i.MX_TIM7_Init      tim.o
    0x080033fc   0x080033fc   0x00000038   Code   RO          455    i.MX_UART4_Init     usart.o
    0x08003434   0x08003434   0x00000038   Code   RO          456    i.MX_USART1_UART_Init  usart.o
    0x0800346c   0x0800346c   0x00000038   Code   RO          457    i.MX_USART2_UART_Init  usart.o
    0x080034a4   0x080034a4   0x00000038   Code   RO          458    i.MX_USART3_UART_Init  usart.o
    0x080034dc   0x080034dc   0x00000002   Code   RO          519    i.MemManage_Handler  stm32f1xx_it.o
    0x080034de   0x080034de   0x00000002   Code   RO          520    i.NMI_Handler       stm32f1xx_it.o
    0x080034e0   0x080034e0   0x00000002   Code   RO          521    i.PendSV_Handler    stm32f1xx_it.o
    0x080034e2   0x080034e2   0x00000002   PAD
    0x080034e4   0x080034e4   0x000000a4   Code   RO         4033    i.PutChinese_12     st7789v2.o
    0x08003588   0x08003588   0x000000a0   Code   RO         4034    i.PutChinese_16     st7789v2.o
    0x08003628   0x08003628   0x0000002e   Code   RO         4035    i.PutChinese_strings  st7789v2.o
    0x08003656   0x08003656   0x00000002   PAD
    0x08003658   0x08003658   0x0000000c   Code   RO          522    i.SPI1_IRQHandler   stm32f1xx_it.o
    0x08003664   0x08003664   0x00000010   Code   RO          329    i.SPI1_WriteByte    spi.o
    0x08003674   0x08003674   0x00000010   Code   RO          330    i.SPI1_WriteByte_DMA  spi.o
    0x08003684   0x08003684   0x00000010   Code   RO         2006    i.SPI_DMAAbortOnError  stm32f1xx_hal_spi.o
    0x08003694   0x08003694   0x00000022   Code   RO         2007    i.SPI_DMAError      stm32f1xx_hal_spi.o
    0x080036b6   0x080036b6   0x0000000a   Code   RO         2009    i.SPI_DMAHalfTransmitCplt  stm32f1xx_hal_spi.o
    0x080036c0   0x080036c0   0x00000064   Code   RO         2013    i.SPI_DMATransmitCplt  stm32f1xx_hal_spi.o
    0x08003724   0x08003724   0x00000034   Code   RO         2017    i.SPI_EndRxTxTransaction  stm32f1xx_hal_spi.o
    0x08003758   0x08003758   0x000000b8   Code   RO         2022    i.SPI_WaitFlagStateUntilTimeout  stm32f1xx_hal_spi.o
    0x08003810   0x08003810   0x00000002   Code   RO          523    i.SVC_Handler       stm32f1xx_it.o
    0x08003812   0x08003812   0x00000004   Code   RO          524    i.SysTick_Handler   stm32f1xx_it.o
    0x08003816   0x08003816   0x0000007a   Code   RO           14    i.SystemClock_Config  main.o
    0x08003890   0x08003890   0x00000002   Code   RO         3627    i.SystemInit        system_stm32f1xx.o
    0x08003892   0x08003892   0x00000002   PAD
    0x08003894   0x08003894   0x0000000c   Code   RO          525    i.TIM5_IRQHandler   stm32f1xx_it.o
    0x080038a0   0x080038a0   0x0000000c   Code   RO          526    i.TIM6_IRQHandler   stm32f1xx_it.o
    0x080038ac   0x080038ac   0x0000000c   Code   RO          527    i.TIM7_IRQHandler   stm32f1xx_it.o
    0x080038b8   0x080038b8   0x0000009c   Code   RO         2385    i.TIM_Base_SetConfig  stm32f1xx_hal_tim.o
    0x08003954   0x08003954   0x00000014   Code   RO         2396    i.TIM_ETR_SetConfig  stm32f1xx_hal_tim.o
    0x08003968   0x08003968   0x00000010   Code   RO         2397    i.TIM_ITRx_SetConfig  stm32f1xx_hal_tim.o
    0x08003978   0x08003978   0x00000060   Code   RO         2398    i.TIM_OC1_SetConfig  stm32f1xx_hal_tim.o
    0x080039d8   0x080039d8   0x0000006c   Code   RO         2399    i.TIM_OC2_SetConfig  stm32f1xx_hal_tim.o
    0x08003a44   0x08003a44   0x00000068   Code   RO         2400    i.TIM_OC3_SetConfig  stm32f1xx_hal_tim.o
    0x08003aac   0x08003aac   0x00000050   Code   RO         2401    i.TIM_OC4_SetConfig  stm32f1xx_hal_tim.o
    0x08003afc   0x08003afc   0x00000022   Code   RO         2403    i.TIM_TI1_ConfigInputStage  stm32f1xx_hal_tim.o
    0x08003b1e   0x08003b1e   0x00000024   Code   RO         2405    i.TIM_TI2_ConfigInputStage  stm32f1xx_hal_tim.o
    0x08003b42   0x08003b42   0x00000002   PAD
    0x08003b44   0x08003b44   0x0000000c   Code   RO          528    i.UART4_IRQHandler  stm32f1xx_it.o
    0x08003b50   0x08003b50   0x00000010   Code   RO         3306    i.UART_DMAAbortOnError  stm32f1xx_hal_uart.o
    0x08003b60   0x08003b60   0x0000004e   Code   RO         3316    i.UART_EndRxTransfer  stm32f1xx_hal_uart.o
    0x08003bae   0x08003bae   0x000000c2   Code   RO         3318    i.UART_Receive_IT   stm32f1xx_hal_uart.o
    0x08003c70   0x08003c70   0x000000b8   Code   RO         3319    i.UART_SetConfig    stm32f1xx_hal_uart.o
    0x08003d28   0x08003d28   0x00000036   Code   RO         3321    i.UART_Start_Receive_IT  stm32f1xx_hal_uart.o
    0x08003d5e   0x08003d5e   0x00000072   Code   RO         3322    i.UART_WaitOnFlagUntilTimeout  stm32f1xx_hal_uart.o
    0x08003dd0   0x08003dd0   0x0000000c   Code   RO          529    i.USART1_IRQHandler  stm32f1xx_it.o
    0x08003ddc   0x08003ddc   0x0000000c   Code   RO          530    i.USART2_IRQHandler  stm32f1xx_it.o
    0x08003de8   0x08003de8   0x0000000c   Code   RO          531    i.USART3_IRQHandler  stm32f1xx_it.o
    0x08003df4   0x08003df4   0x00000002   Code   RO          532    i.UsageFault_Handler  stm32f1xx_it.o
    0x08003df6   0x08003df6   0x00000002   PAD
    0x08003df8   0x08003df8   0x00000020   Code   RO         4467    i.__0printf$4       mc_w.l(printf4.o)
    0x08003e18   0x08003e18   0x00000020   Code   RO         1481    i.__NVIC_SetPriority  stm32f1xx_hal_cortex.o
    0x08003e38   0x08003e38   0x0000000e   Code   RO         4669    i.__scatterload_copy  mc_w.l(handlers.o)
    0x08003e46   0x08003e46   0x00000002   Code   RO         4670    i.__scatterload_null  mc_w.l(handlers.o)
    0x08003e48   0x08003e48   0x0000000e   Code   RO         4671    i.__scatterload_zeroinit  mc_w.l(handlers.o)
    0x08003e56   0x08003e56   0x00000002   PAD
    0x08003e58   0x08003e58   0x0000022c   Code   RO         4474    i._printf_core      mc_w.l(printf4.o)
    0x08004084   0x08004084   0x00000030   Code   RO         3707    i.alarm_temp_dis    gui.o
    0x080040b4   0x080040b4   0x0000001c   Code   RO         3824    i.buzzer_close      key_crl.o
    0x080040d0   0x080040d0   0x00000010   Code   RO         3825    i.buzzer_open       key_crl.o
    0x080040e0   0x080040e0   0x00000114   Code   RO         3708    i.channel_dis       gui.o
    0x080041f4   0x080041f4   0x00000024   Code   RO         4315    i.delay_ms          delay.o
    0x08004218   0x08004218   0x00000028   Code   RO         3709    i.fan_dis           gui.o
    0x08004240   0x08004240   0x00000018   Code   RO           16    i.fputc             main.o
    0x08004258   0x08004258   0x00000188   Code   RO         3710    i.gui_icon_init     gui.o
    0x080043e0   0x080043e0   0x0000002c   Code   RO         3711    i.gui_init          gui.o
    0x0800440c   0x0800440c   0x0000009c   Code   RO         3712    i.icon_beat         gui.o
    0x080044a8   0x080044a8   0x00000020   Code   RO         3826    i.jump_to_init      key_crl.o
    0x080044c8   0x080044c8   0x00000098   Code   RO         3828    i.key_scan          key_crl.o
    0x08004560   0x08004560   0x00000034   Code   RO         3713    i.led_dis           gui.o
    0x08004594   0x08004594   0x000000c4   Code   RO           17    i.main              main.o
    0x08004658   0x08004658   0x00000088   Code   RO         3714    i.mode_dis          gui.o
    0x080046e0   0x080046e0   0x00000028   Code   RO         3715    i.power_dis         gui.o
    0x08004708   0x08004708   0x0000001a   Code   RO         3716    i.refresh_icon      gui.o
    0x08004722   0x08004722   0x00000002   PAD
    0x08004724   0x08004724   0x00000044   Code   RO         3718    i.sync_dis          gui.o
    0x08004768   0x08004768   0x00000030   Code   RO         3719    i.temp_dis          gui.o
    0x08004798   0x08004798   0x00000014   Code   RO         4036    i.wait_spi1_dma_transmit  st7789v2.o
    0x080047ac   0x080047ac   0x00000002   Code   RO         4212    i.write_slave_reg   modbus_rtu.o
    0x080047ae   0x080047ae   0x00000012   Data   RO         1179    .constdata          stm32f1xx_hal_rcc.o
    0x080047c0   0x080047c0   0x00000012   Data   RO         1271    .constdata          stm32f1xx_hal_rcc_ex.o
    0x080047d2   0x080047d2   0x00000010   Data   RO         3628    .constdata          system_stm32f1xx.o
    0x080047e2   0x080047e2   0x00000008   Data   RO         3629    .constdata          system_stm32f1xx.o
    0x080047ea   0x080047ea   0x0000512c   Data   RO         3721    .constdata          gui.o
    0x08009916   0x08009916   0x00004f00   Data   RO         4038    .constdata          st7789v2.o
    0x0800e816   0x0800e816   0x00000002   PAD
    0x0800e818   0x0800e818   0x00000020   Data   RO         4667    Region$$Table       anon$$obj.o


    Execution Region RW_IRAM1 (Exec base: 0x20000000, Load base: 0x0800e838, Size: 0x00000e80, Max: 0x0000c000, ABSOLUTE)

    Exec Addr    Load Addr    Size         Type   Attr      Idx    E Section Name        Object

    0x20000000   0x0800e838   0x00000003   Data   RW          389    .data               tim.o
    0x20000003   0x0800e83b   0x00000001   PAD
    0x20000004   0x0800e83c   0x0000000c   Data   RW         1016    .data               stm32f1xx_hal.o
    0x20000010   0x0800e848   0x00000004   Data   RW         3630    .data               system_stm32f1xx.o
    0x20000014   0x0800e84c   0x0000000c   Data   RW         3726    .data               gui.o
    0x20000020   0x0800e858   0x00000001   Data   RW         3829    .data               key_crl.o
    0x20000021   0x0800e859   0x00000001   PAD
    0x20000022   0x0800e85a   0x00000004   Data   RW         3936    .data               power_crl.o
    0x20000026   0x0800e85e   0x00000004   Data   RW         4039    .data               st7789v2.o
    0x2000002a   0x0800e862   0x00000002   Data   RW         4040    .data               st7789v2.o
    0x2000002c   0x0800e864   0x00000004   Data   RW         4641    .data               mc_w.l(stdout.o)
    0x20000030        -       0x00000030   Zero   RW          258    .bss                adc.o
    0x20000060        -       0x0000009c   Zero   RW          331    .bss                spi.o
    0x200000fc        -       0x00000120   Zero   RW          388    .bss                tim.o
    0x2000021c        -       0x00000120   Zero   RW          459    .bss                usart.o
    0x2000033c        -       0x000000cc   Zero   RW         3665    .bss                communication.o
    0x20000408        -       0x00000600   Zero   RW         4037    .bss                st7789v2.o
    0x20000a08        -       0x00000071   Zero   RW         4213    .bss                modbus_rtu.o
    0x20000a79   0x0800e868   0x00000007   PAD
    0x20000a80        -       0x00000400   Zero   RW            1    STACK               startup_stm32f103xe.o


==============================================================================

Image component sizes


      Code (inc. data)   RO Data    RW Data    ZI Data      Debug   Object Name

       364         32          0          0         48       1745   adc.o
        72         12          0          0        204       1438   communication.o
        36          0          0          0          0        467   delay.o
        44          4          0          0          0        702   dma.o
       316         24          0          0          0        971   gpio.o
      1326        188      20780         12          0       8108   gui.o
       900         96          0          1          0       5754   key_crl.o
       346         62          0          0          0     519520   main.o
         2          0          0          0        113       1487   modbus_rtu.o
        16          4          0          4          0       1195   power_crl.o
       264         42          0          0        156       2636   spi.o
      1974         86      20224          6       1536      15293   st7789v2.o
        36          8        304          0       1024        776   startup_stm32f103xe.o
       164         28          0         12          0       6285   stm32f1xx_hal.o
       974         38          0          0          0       5784   stm32f1xx_hal_adc.o
       218          6          0          0          0       1891   stm32f1xx_hal_adc_ex.o
       198         14          0          0          0      28771   stm32f1xx_hal_cortex.o
      1236         52          0          0          0       4922   stm32f1xx_hal_dma.o
       548         48          0          0          0       3990   stm32f1xx_hal_gpio.o
        60          8          0          0          0        818   stm32f1xx_hal_msp.o
      1240         84         18          0          0       4944   stm32f1xx_hal_rcc.o
       420         30         18          0          0       2429   stm32f1xx_hal_rcc_ex.o
      1364         22          0          0          0       9179   stm32f1xx_hal_spi.o
      1676         78          0          0          0      14326   stm32f1xx_hal_tim.o
       128         20          0          0          0       2289   stm32f1xx_hal_tim_ex.o
      1554         10          0          0          0      10564   stm32f1xx_hal_uart.o
       146         60          0          0          0       8085   stm32f1xx_it.o
         2          0         24          4          0       1035   system_stm32f1xx.o
       836         96          0          3        288       4675   tim.o
       624         64          0          0        288       3479   usart.o

    ----------------------------------------------------------------------
     17130       1216      41402         44       3664     673558   Object Totals
         0          0         32          0          0          0   (incl. Generated)
        46          0          2          2          7          0   (incl. Padding)

    ----------------------------------------------------------------------

      Code (inc. data)   RO Data    RW Data    ZI Data      Debug   Library Member Name

         0          0          0          0          0          0   entry.o
         0          0          0          0          0          0   entry10a.o
         0          0          0          0          0          0   entry11a.o
         4          0          0          0          0          0   entry12b.o
         8          4          0          0          0          0   entry2.o
         4          0          0          0          0          0   entry5.o
         0          0          0          0          0          0   entry7b.o
         0          0          0          0          0          0   entry8b.o
         8          4          0          0          0          0   entry9a.o
        30          0          0          0          0          0   handlers.o
        36          8          0          0          0         68   init.o
        30          0          0          0          0         68   llshl.o
        32          0          0          0          0         68   llushr.o
        36          0          0          0          0         68   memcpya.o
        36          0          0          0          0        108   memseta.o
       588         14          0          0          0        184   printf4.o
         0          0          0          4          0          0   stdout.o
        98          0          0          0          0         92   uldiv.o

    ----------------------------------------------------------------------
       916         30          0          4          0        656   Library Totals
         6          0          0          0          0          0   (incl. Padding)

    ----------------------------------------------------------------------

      Code (inc. data)   RO Data    RW Data    ZI Data      Debug   Library Name

       910         30          0          4          0        656   mc_w.l

    ----------------------------------------------------------------------
       916         30          0          4          0        656   Library Totals

    ----------------------------------------------------------------------

==============================================================================


      Code (inc. data)   RO Data    RW Data    ZI Data      Debug   

     18046       1246      41402         48       3664     665266   Grand Totals
     18046       1246      41402         48       3664     665266   ELF Image Totals
     18046       1246      41402         48          0          0   ROM Totals

==============================================================================

    Total RO  Size (Code + RO Data)                59448 (  58.05kB)
    Total RW  Size (RW Data + ZI Data)              3712 (   3.63kB)
    Total ROM Size (Code + RO Data + RW Data)      59496 (  58.10kB)

==============================================================================

